Archive member included because of file (symbol)

/Applications/microchip/mplabc32/v2.02/bin/../lib/gcc/pic32mx/4.5.1/libgcc.a(floatunsisf.o)
                              build/default/production/_ext/1431111269/HB_MotorLib.o (__floatunsisf)
/Applications/microchip/mplabc32/v2.02/bin/../lib/gcc/pic32mx/4.5.1/../../../../pic32mx/lib/libc.a(strlen.o)
                              build/default/production/_ext/1431111269/ClpLib.o (strlen)
/Applications/microchip/mplabc32/v2.02/bin/../lib/gcc/pic32mx/4.5.1/../../../../pic32mx/lib/libc.a(general-exception.o)
                              /Applications/microchip/mplabc32/v2.02/bin/../lib/gcc/pic32mx/4.5.1/../../../../pic32mx/lib/crt0.o (_general_exception_context)
/Applications/microchip/mplabc32/v2.02/bin/../lib/gcc/pic32mx/4.5.1/../../../../pic32mx/lib/libc.a(sprintf_fF.eo)
                              build/default/production/_ext/1431111269/main.o (_sprintf_fF)
/Applications/microchip/mplabc32/v2.02/bin/../lib/gcc/pic32mx/4.5.1/../../../../pic32mx/lib/libc.a(default-general-exception-handler.o)
                              /Applications/microchip/mplabc32/v2.02/bin/../lib/gcc/pic32mx/4.5.1/../../../../pic32mx/lib/libc.a(general-exception.o) (_general_exception_handler)
/Applications/microchip/mplabc32/v2.02/bin/../lib/gcc/pic32mx/4.5.1/../../../../pic32mx/lib/libc.a(default-bootstrap-exception-handler.o)
                              /Applications/microchip/mplabc32/v2.02/bin/../lib/gcc/pic32mx/4.5.1/../../../../pic32mx/lib/crt0.o (_bootstrap_exception_handler)
/Applications/microchip/mplabc32/v2.02/bin/../lib/gcc/pic32mx/4.5.1/../../../../pic32mx/lib/libc.a(default-on-reset.o)
                              /Applications/microchip/mplabc32/v2.02/bin/../lib/gcc/pic32mx/4.5.1/../../../../pic32mx/lib/crt0.o (_on_reset)
/Applications/microchip/mplabc32/v2.02/bin/../lib/gcc/pic32mx/4.5.1/../../../../pic32mx/lib/libc.a(default-on-bootstrap.o)
                              /Applications/microchip/mplabc32/v2.02/bin/../lib/gcc/pic32mx/4.5.1/../../../../pic32mx/lib/crt0.o (_on_bootstrap)
/Applications/microchip/mplabc32/v2.02/bin/../lib/gcc/pic32mx/4.5.1/../../../../pic32mx/lib/libc.a(default-nmi-handler.o)
                              /Applications/microchip/mplabc32/v2.02/bin/../lib/gcc/pic32mx/4.5.1/../../../../pic32mx/lib/crt0.o (_nmi_handler)
/Applications/microchip/mplabc32/v2.02/bin/../lib/gcc/pic32mx/4.5.1/../../../../pic32mx/lib/libc.a(doprnt_fF.eo)
                              /Applications/microchip/mplabc32/v2.02/bin/../lib/gcc/pic32mx/4.5.1/../../../../pic32mx/lib/libc.a(sprintf_fF.eo) (_vfprintf_fF)
/Applications/microchip/mplabc32/v2.02/bin/../lib/gcc/pic32mx/4.5.1/../../../../pic32mx/lib/libc.a(_fputc_simple.o)
                              /Applications/microchip/mplabc32/v2.02/bin/../lib/gcc/pic32mx/4.5.1/../../../../pic32mx/lib/libc.a(doprnt_fF.eo) (fputc)
/Applications/microchip/mplabc32/v2.02/bin/../lib/gcc/pic32mx/4.5.1/../../../../pic32mx/lib/libc.a(ctype.o)
                              /Applications/microchip/mplabc32/v2.02/bin/../lib/gcc/pic32mx/4.5.1/../../../../pic32mx/lib/libc.a(doprnt_fF.eo) (_ctype)
/Applications/microchip/mplabc32/v2.02/bin/../lib/gcc/pic32mx/4.5.1/../../../../pic32mx/lib/libc.a(powers.o)
                              /Applications/microchip/mplabc32/v2.02/bin/../lib/gcc/pic32mx/4.5.1/../../../../pic32mx/lib/libc.a(doprnt_fF.eo) (_powers_f)
/Applications/microchip/mplabc32/v2.02/bin/../lib/gcc/pic32mx/4.5.1/../../../../pic32mx/lib/libc.a(write.o)
                              /Applications/microchip/mplabc32/v2.02/bin/../lib/gcc/pic32mx/4.5.1/../../../../pic32mx/lib/libc.a(_fputc_simple.o) (write)
/Applications/microchip/mplabc32/v2.02/bin/../lib/gcc/pic32mx/4.5.1/../../../../pic32mx/lib/libc.a(_iob.o)
                              /Applications/microchip/mplabc32/v2.02/bin/../lib/gcc/pic32mx/4.5.1/../../../../pic32mx/lib/libc.a(_fputc_simple.o) (_outdone)
/Applications/microchip/mplabc32/v2.02/bin/../lib/gcc/pic32mx/4.5.1/../../../../pic32mx/lib/libc.a(_flsbuf_simple.o)
                              /Applications/microchip/mplabc32/v2.02/bin/../lib/gcc/pic32mx/4.5.1/../../../../pic32mx/lib/libc.a(_fputc_simple.o) (_flsbuf)
/Applications/microchip/mplabc32/v2.02/bin/../lib/gcc/pic32mx/4.5.1/../../../../pic32mx/lib/libc.a(_mon_putc.o)
                              /Applications/microchip/mplabc32/v2.02/bin/../lib/gcc/pic32mx/4.5.1/../../../../pic32mx/lib/libc.a(write.o) (_mon_putc)
/Applications/microchip/mplabc32/v2.02/bin/../lib/gcc/pic32mx/4.5.1/../../../../pic32mx/lib/libc.a(c32_uart.o)
                              /Applications/microchip/mplabc32/v2.02/bin/../lib/gcc/pic32mx/4.5.1/../../../../pic32mx/lib/libc.a(_mon_putc.o) (__C32_UART)
/Applications/microchip/mplabc32/v2.02/bin/../lib/gcc/pic32mx/4.5.1/../../../../pic32mx/lib/libm.a(fpmod32.o)
                              /Applications/microchip/mplabc32/v2.02/bin/../lib/gcc/pic32mx/4.5.1/../../../../pic32mx/lib/libc.a(doprnt_fF.eo) (frexpf)
[...]
Memory Configuration

Name             Origin             Length             Attributes
kseg0_program_mem 0x9d000000         0x00080000         xr
kseg0_boot_mem   0x9fc00490         0x00000970
exception_mem    0x9fc01000         0x00001000
kseg1_boot_mem   0xbfc00000         0x00000490
debug_exec_mem   0xbfc02000         0x00000ff0
config3          0xbfc02ff0         0x00000004
config2          0xbfc02ff4         0x00000004
config1          0xbfc02ff8         0x00000004
config0          0xbfc02ffc         0x00000004
kseg1_data_mem   0xa0000000         0x00008000         w !x
sfrs             0xbf800000         0x00100000
configsfrs       0xbfc02ff0         0x00000010
*default*        0x00000000         0xffffffff

Linker script and memory map

LOAD /Applications/microchip/mplabc32/v2.02/bin/../lib/gcc/pic32mx/4.5.1/../../../../pic32mx/lib/crt0.o
LOAD build/default/production/_ext/1431111269/main.o
LOAD build/default/production/_ext/1431111269/util.o
LOAD build/default/production/_ext/1431111269/HB_MotorLib.o
LOAD build/default/production/_ext/1431111269/ClpLib.o
                0x00000001                __MPLAB_BUILD = 0x1
LOAD /Applications/microchip/mplabc32/v2.02/bin/../lib/gcc/pic32mx/4.5.1/libgcc.a
START GROUP
LOAD /Applications/microchip/mplabc32/v2.02/bin/../lib/gcc/pic32mx/4.5.1/../../../../pic32mx/lib/libdebug.a
LOAD /Applications/microchip/mplabc32/v2.02/bin/../lib/gcc/pic32mx/4.5.1/../../../../pic32mx/lib/libc.a
LOAD /Applications/microchip/mplabc32/v2.02/bin/../lib/gcc/pic32mx/4.5.1/../../../../pic32mx/lib/libm.a
LOAD /Applications/microchip/mplabc32/v2.02/bin/../lib/gcc/pic32mx/4.5.1/../../../../pic32mx/lib/libe.a
LOAD /Applications/microchip/mplabc32/v2.02/bin/../lib/gcc/pic32mx/4.5.1/../../../../pic32mx/lib/libdsp.a
LOAD /Applications/microchip/mplabc32/v2.02/bin/../lib/gcc/pic32mx/4.5.1/../../../../pic32mx/lib/libmchp_peripheral.a
LOAD /Applications/microchip/mplabc32/v2.02/bin/../lib/gcc/pic32mx/4.5.1/../../../../pic32mx/lib/libmchp_peripheral_32MX460F512L.a
END GROUP
LOAD /Applications/microchip/mplabc32/v2.02/bin/../lib/gcc/pic32mx/4.5.1/libgcc.a
                0x00000400                PROVIDE (_min_stack_size, 0x400)
                0x00000000                PROVIDE (_min_heap_size, 0x0)
LOAD /Applications/microchip/mplabc32/v2.02/bin/../lib/gcc/pic32mx/4.5.1/../../../../pic32mx/lib/./proc/32MX460F512L/processor.o
                0x00000001                PROVIDE (_vector_spacing, 0x1)
                0x9fc01000                _ebase_address = 0x9fc01000
                0xbfc00000                _RESET_ADDR = 0xbfc00000
                0xbfc00380                _BEV_EXCPT_ADDR = 0xbfc00380
                0xbfc00480                _DBG_EXCPT_ADDR = 0xbfc00480
                0xbfc02000                _DBG_CODE_ADDR = 0xbfc02000
                0x00000ff0                _DBG_CODE_SIZE = 0xff0
                0x9fc01180                _GEN_EXCPT_ADDR = (_ebase_address + 0x180)

.config_BFC02FF0
 *(.config_BFC02FF0)

.config_BFC02FF4
                0xbfc02ff4        0x4
 *(.config_BFC02FF4)
 .config_BFC02FF4
                0xbfc02ff4        0x4 build/default/production/_ext/1431111269/main.o

.config_BFC02FF8
                0xbfc02ff8        0x4
 *(.config_BFC02FF8)
 .config_BFC02FF8
                0xbfc02ff8        0x4 build/default/production/_ext/1431111269/main.o

.config_BFC02FFC
                0xbfc02ffc        0x4
 *(.config_BFC02FFC)
 .config_BFC02FFC
                0xbfc02ffc        0x4 build/default/production/_ext/1431111269/main.o
                0xbfc02000                PROVIDE (_DBG_CODE_ADDR, 0xbfc02000)
                0x00000ff0                PROVIDE (_DBG_CODE_SIZE, 0xff0)

.reset          0xbfc00000      0x1f4
 *(.reset)
 .reset         0xbfc00000       0x10 /Applications/microchip/mplabc32/v2.02/bin/../lib/gcc/pic32mx/4.5.1/../../../../pic32mx/lib/crt0.o
                0xbfc00000                _reset
 *(.reset.startup)
 .reset.startup
                0xbfc00010      0x1e4 /Applications/microchip/mplabc32/v2.02/bin/../lib/gcc/pic32mx/4.5.1/../../../../pic32mx/lib/crt0.o

.bev_excpt      0xbfc00380       0x10
 *(.bev_handler)
 .bev_handler   0xbfc00380       0x10 /Applications/microchip/mplabc32/v2.02/bin/../lib/gcc/pic32mx/4.5.1/../../../../pic32mx/lib/crt0.o

.dbg_excpt      0xbfc00480        0x0
                0xbfc00480                . = (. + DEFINED (_DEBUGGER)?0x8:0x0)

.dbg_code       0xbfc02000        0x0
                0xbfc02000                . = (. + DEFINED (_DEBUGGER)?_DBG_CODE_SIZE:0x0)

.app_excpt      0x9fc01180       0x10
 *(.gen_handler)
 .gen_handler   0x9fc01180       0x10 /Applications/microchip/mplabc32/v2.02/bin/../lib/gcc/pic32mx/4.5.1/../../../../pic32mx/lib/crt0.o

.vector_0       0x9fc01200        0x0
 *(.vector_0)
                0x00000001                ASSERT (((_vector_spacing == 0x0) || (SIZEOF (.vector_0) <= (_vector_spacing << 0x5))), function at exception vector 0 too large)

.vector_1       0x9fc01220        0x0
 *(.vector_1)
                0x00000001                ASSERT (((_vector_spacing == 0x0) || (SIZEOF (.vector_1) <= (_vector_spacing << 0x5))), function at exception vector 1 too large)

.vector_2       0x9fc01240        0x0
 *(.vector_2)
                0x00000001                ASSERT (((_vector_spacing == 0x0) || (SIZEOF (.vector_2) <= (_vector_spacing << 0x5))), function at exception vector 2 too large)

.vector_3       0x9fc01260        0x0
 *(.vector_3)
                0x00000001                ASSERT (((_vector_spacing == 0x0) || (SIZEOF (.vector_3) <= (_vector_spacing << 0x5))), function at exception vector 3 too large)

.vector_4       0x9fc01280        0x0
 *(.vector_4)
                0x00000001                ASSERT (((_vector_spacing == 0x0) || (SIZEOF (.vector_4) <= (_vector_spacing << 0x5))), function at exception vector 4 too large)

.vector_5       0x9fc012a0        0x8
 *(.vector_5)
 .vector_5      0x9fc012a0        0x8 build/default/production/_ext/1431111269/HB_MotorLib.o
                0x00000001                ASSERT (((_vector_spacing == 0x0) || (SIZEOF (.vector_5) <= (_vector_spacing << 0x5))), function at exception vector 5 too large)

.vector_6       0x9fc012c0        0x0
 *(.vector_6)
                0x00000001                ASSERT (((_vector_spacing == 0x0) || (SIZEOF (.vector_6) <= (_vector_spacing << 0x5))), function at exception vector 6 too large)

.vector_7       0x9fc012e0        0x0
 *(.vector_7)
                0x00000001                ASSERT (((_vector_spacing == 0x0) || (SIZEOF (.vector_7) <= (_vector_spacing << 0x5))), function at exception vector 7 too large)

.vector_8       0x9fc01300        0x0
 *(.vector_8)
                0x00000001                ASSERT (((_vector_spacing == 0x0) || (SIZEOF (.vector_8) <= (_vector_spacing << 0x5))), function at exception vector 8 too large)

.vector_9       0x9fc01320        0x0
 *(.vector_9)
                0x00000001                ASSERT (((_vector_spacing == 0x0) || (SIZEOF (.vector_9) <= (_vector_spacing << 0x5))), function at exception vector 9 too large)

.vector_10      0x9fc01340        0x0
 *(.vector_10)
                0x00000001                ASSERT (((_vector_spacing == 0x0) || (SIZEOF (.vector_10) <= (_vector_spacing << 0x5))), function at exception vector 10 too large)

.vector_11      0x9fc01360        0x0
 *(.vector_11)
                0x00000001                ASSERT (((_vector_spacing == 0x0) || (SIZEOF (.vector_11) <= (_vector_spacing << 0x5))), function at exception vector 11 too large)

.vector_12      0x9fc01380        0x0
 *(.vector_12)
                0x00000001                ASSERT (((_vector_spacing == 0x0) || (SIZEOF (.vector_12) <= (_vector_spacing << 0x5))), function at exception vector 12 too large)

.vector_13      0x9fc013a0        0x0
 *(.vector_13)
                0x00000001                ASSERT (((_vector_spacing == 0x0) || (SIZEOF (.vector_13) <= (_vector_spacing << 0x5))), function at exception vector 13 too large)

.vector_14      0x9fc013c0        0x0
 *(.vector_14)
                0x00000001                ASSERT (((_vector_spacing == 0x0) || (SIZEOF (.vector_14) <= (_vector_spacing << 0x5))), function at exception vector 14 too large)

.vector_15      0x9fc013e0        0x0
 *(.vector_15)
                0x00000001                ASSERT (((_vector_spacing == 0x0) || (SIZEOF (.vector_15) <= (_vector_spacing << 0x5))), function at exception vector 15 too large)

.vector_16      0x9fc01400        0x0
 *(.vector_16)
                0x00000001                ASSERT (((_vector_spacing == 0x0) || (SIZEOF (.vector_16) <= (_vector_spacing << 0x5))), function at exception vector 16 too large)

.vector_17      0x9fc01420        0x0
 *(.vector_17)
                0x00000001                ASSERT (((_vector_spacing == 0x0) || (SIZEOF (.vector_17) <= (_vector_spacing << 0x5))), function at exception vector 17 too large)

.vector_18      0x9fc01440        0x0
 *(.vector_18)
                0x00000001                ASSERT (((_vector_spacing == 0x0) || (SIZEOF (.vector_18) <= (_vector_spacing << 0x5))), function at exception vector 18 too large)

.vector_19      0x9fc01460        0x0
 *(.vector_19)
                0x00000001                ASSERT (((_vector_spacing == 0x0) || (SIZEOF (.vector_19) <= (_vector_spacing << 0x5))), function at exception vector 19 too large)

.vector_20      0x9fc01480        0x8
 *(.vector_20)
 .vector_20     0x9fc01480        0x8 build/default/production/_ext/1431111269/main.o
                0x00000001                ASSERT (((_vector_spacing == 0x0) || (SIZEOF (.vector_20) <= (_vector_spacing << 0x5))), function at exception vector 20 too large)

.vector_21      0x9fc014a0        0x0
 *(.vector_21)
                0x00000001                ASSERT (((_vector_spacing == 0x0) || (SIZEOF (.vector_21) <= (_vector_spacing << 0x5))), function at exception vector 21 too large)

.vector_22      0x9fc014c0        0x0
 *(.vector_22)
                0x00000001                ASSERT (((_vector_spacing == 0x0) || (SIZEOF (.vector_22) <= (_vector_spacing << 0x5))), function at exception vector 22 too large)

.vector_23      0x9fc014e0        0x0
 *(.vector_23)
                0x00000001                ASSERT (((_vector_spacing == 0x0) || (SIZEOF (.vector_23) <= (_vector_spacing << 0x5))), function at exception vector 23 too large)

.vector_24      0x9fc01500        0x0
 *(.vector_24)
                0x00000001                ASSERT (((_vector_spacing == 0x0) || (SIZEOF (.vector_24) <= (_vector_spacing << 0x5))), function at exception vector 24 too large)

.vector_25      0x9fc01520        0x0
 *(.vector_25)
                0x00000001                ASSERT (((_vector_spacing == 0x0) || (SIZEOF (.vector_25) <= (_vector_spacing << 0x5))), function at exception vector 25 too large)

.vector_26      0x9fc01540        0x0
 *(.vector_26)
                0x00000001                ASSERT (((_vector_spacing == 0x0) || (SIZEOF (.vector_26) <= (_vector_spacing << 0x5))), function at exception vector 26 too large)

.vector_27      0x9fc01560        0x0
 *(.vector_27)
                0x00000001                ASSERT (((_vector_spacing == 0x0) || (SIZEOF (.vector_27) <= (_vector_spacing << 0x5))), function at exception vector 27 too large)

.vector_28      0x9fc01580        0x0
 *(.vector_28)
                0x00000001                ASSERT (((_vector_spacing == 0x0) || (SIZEOF (.vector_28) <= (_vector_spacing << 0x5))), function at exception vector 28 too large)

.vector_29      0x9fc015a0        0x0
 *(.vector_29)
                0x00000001                ASSERT (((_vector_spacing == 0x0) || (SIZEOF (.vector_29) <= (_vector_spacing << 0x5))), function at exception vector 29 too large)

.vector_30      0x9fc015c0        0x0
 *(.vector_30)
                0x00000001                ASSERT (((_vector_spacing == 0x0) || (SIZEOF (.vector_30) <= (_vector_spacing << 0x5))), function at exception vector 30 too large)

.vector_31      0x9fc015e0        0x0
 *(.vector_31)
                0x00000001                ASSERT (((_vector_spacing == 0x0) || (SIZEOF (.vector_31) <= (_vector_spacing << 0x5))), function at exception vector 31 too large)

.vector_32      0x9fc01600        0x0
 *(.vector_32)
                0x00000001                ASSERT (((_vector_spacing == 0x0) || (SIZEOF (.vector_32) <= (_vector_spacing << 0x5))), function at exception vector 32 too large)

.vector_33      0x9fc01620        0x0
 *(.vector_33)
                0x00000001                ASSERT (((_vector_spacing == 0x0) || (SIZEOF (.vector_33) <= (_vector_spacing << 0x5))), function at exception vector 33 too large)

.vector_34      0x9fc01640        0x0
 *(.vector_34)
                0x00000001                ASSERT (((_vector_spacing == 0x0) || (SIZEOF (.vector_34) <= (_vector_spacing << 0x5))), function at exception vector 34 too large)

.vector_35      0x9fc01660        0x0
 *(.vector_35)
                0x00000001                ASSERT (((_vector_spacing == 0x0) || (SIZEOF (.vector_35) <= (_vector_spacing << 0x5))), function at exception vector 35 too large)

.vector_36      0x9fc01680        0x0
 *(.vector_36)
                0x00000001                ASSERT (((_vector_spacing == 0x0) || (SIZEOF (.vector_36) <= (_vector_spacing << 0x5))), function at exception vector 36 too large)

.vector_37      0x9fc016a0        0x0
 *(.vector_37)
                0x00000001                ASSERT (((_vector_spacing == 0x0) || (SIZEOF (.vector_37) <= (_vector_spacing << 0x5))), function at exception vector 37 too large)

.vector_38      0x9fc016c0        0x0
 *(.vector_38)
                0x00000001                ASSERT (((_vector_spacing == 0x0) || (SIZEOF (.vector_38) <= (_vector_spacing << 0x5))), function at exception vector 38 too large)

.vector_39      0x9fc016e0        0x0
 *(.vector_39)
                0x00000001                ASSERT (((_vector_spacing == 0x0) || (SIZEOF (.vector_39) <= (_vector_spacing << 0x5))), function at exception vector 39 too large)

.vector_40      0x9fc01700        0x0
 *(.vector_40)
                0x00000001                ASSERT (((_vector_spacing == 0x0) || (SIZEOF (.vector_40) <= (_vector_spacing << 0x5))), function at exception vector 40 too large)

.vector_41      0x9fc01720        0x0
 *(.vector_41)
                0x00000001                ASSERT (((_vector_spacing == 0x0) || (SIZEOF (.vector_41) <= (_vector_spacing << 0x5))), function at exception vector 41 too large)

.vector_42      0x9fc01740        0x0
 *(.vector_42)
                0x00000001                ASSERT (((_vector_spacing == 0x0) || (SIZEOF (.vector_42) <= (_vector_spacing << 0x5))), function at exception vector 42 too large)

.vector_43      0x9fc01760        0x0
 *(.vector_43)
                0x00000001                ASSERT (((_vector_spacing == 0x0) || (SIZEOF (.vector_43) <= (_vector_spacing << 0x5))), function at exception vector 43 too large)

.vector_44      0x9fc01780        0x0
 *(.vector_44)
                0x00000001                ASSERT (((_vector_spacing == 0x0) || (SIZEOF (.vector_44) <= (_vector_spacing << 0x5))), function at exception vector 44 too large)

.vector_45      0x9fc017a0        0x0
 *(.vector_45)
                0x00000001                ASSERT (((_vector_spacing == 0x0) || (SIZEOF (.vector_45) <= (_vector_spacing << 0x5))), function at exception vector 45 too large)

.vector_46      0x9fc017c0        0x0
 *(.vector_46)
                0x00000001                ASSERT (((_vector_spacing == 0x0) || (SIZEOF (.vector_46) <= (_vector_spacing << 0x5))), function at exception vector 46 too large)

.vector_47      0x9fc017e0        0x0
 *(.vector_47)
                0x00000001                ASSERT (((_vector_spacing == 0x0) || (SIZEOF (.vector_47) <= (_vector_spacing << 0x5))), function at exception vector 47 too large)

.vector_48      0x9fc01800        0x0
 *(.vector_48)
                0x00000001                ASSERT (((_vector_spacing == 0x0) || (SIZEOF (.vector_48) <= (_vector_spacing << 0x5))), function at exception vector 48 too large)

.vector_49      0x9fc01820        0x0
 *(.vector_49)
                0x00000001                ASSERT (((_vector_spacing == 0x0) || (SIZEOF (.vector_49) <= (_vector_spacing << 0x5))), function at exception vector 49 too large)

.vector_50      0x9fc01840        0x0
 *(.vector_50)
                0x00000001                ASSERT (((_vector_spacing == 0x0) || (SIZEOF (.vector_50) <= (_vector_spacing << 0x5))), function at exception vector 50 too large)

.vector_51      0x9fc01860        0x0
 *(.vector_51)
                0x00000001                ASSERT (((_vector_spacing == 0x0) || (SIZEOF (.vector_51) <= (_vector_spacing << 0x5))), function at exception vector 51 too large)

.vector_52      0x9fc01880        0x0
 *(.vector_52)
                0x00000001                ASSERT (((_vector_spacing == 0x0) || (SIZEOF (.vector_52) <= (_vector_spacing << 0x5))), function at exception vector 52 too large)

.vector_53      0x9fc018a0        0x0
 *(.vector_53)
                0x00000001                ASSERT (((_vector_spacing == 0x0) || (SIZEOF (.vector_53) <= (_vector_spacing << 0x5))), function at exception vector 53 too large)

.vector_54      0x9fc018c0        0x0
 *(.vector_54)
                0x00000001                ASSERT (((_vector_spacing == 0x0) || (SIZEOF (.vector_54) <= (_vector_spacing << 0x5))), function at exception vector 54 too large)

.vector_55      0x9fc018e0        0x0
 *(.vector_55)
                0x00000001                ASSERT (((_vector_spacing == 0x0) || (SIZEOF (.vector_55) <= (_vector_spacing << 0x5))), function at exception vector 55 too large)

.vector_56      0x9fc01900        0x0
 *(.vector_56)
                0x00000001                ASSERT (((_vector_spacing == 0x0) || (SIZEOF (.vector_56) <= (_vector_spacing << 0x5))), function at exception vector 56 too large)

.vector_57      0x9fc01920        0x0
 *(.vector_57)
                0x00000001                ASSERT (((_vector_spacing == 0x0) || (SIZEOF (.vector_57) <= (_vector_spacing << 0x5))), function at exception vector 57 too large)

.vector_58      0x9fc01940        0x0
 *(.vector_58)
                0x00000001                ASSERT (((_vector_spacing == 0x0) || (SIZEOF (.vector_58) <= (_vector_spacing << 0x5))), function at exception vector 58 too large)

.vector_59      0x9fc01960        0x0
 *(.vector_59)
                0x00000001                ASSERT (((_vector_spacing == 0x0) || (SIZEOF (.vector_59) <= (_vector_spacing << 0x5))), function at exception vector 59 too large)

.vector_60      0x9fc01980        0x0
 *(.vector_60)
                0x00000001                ASSERT (((_vector_spacing == 0x0) || (SIZEOF (.vector_60) <= (_vector_spacing << 0x5))), function at exception vector 60 too large)

.vector_61      0x9fc019a0        0x0
 *(.vector_61)
                0x00000001                ASSERT (((_vector_spacing == 0x0) || (SIZEOF (.vector_61) <= (_vector_spacing << 0x5))), function at exception vector 61 too large)

.vector_62      0x9fc019c0        0x0
 *(.vector_62)
                0x00000001                ASSERT (((_vector_spacing == 0x0) || (SIZEOF (.vector_62) <= (_vector_spacing << 0x5))), function at exception vector 62 too large)

.vector_63      0x9fc019e0        0x0
 *(.vector_63)
                0x00000001                ASSERT (((_vector_spacing == 0x0) || (SIZEOF (.vector_63) <= (_vector_spacing << 0x5))), function at exception vector 63 too large)

.startup
 *(.startup)

.text
 *(.stub .gnu.linkonce.t.*)
 *(.text.*personality*)
 *(.mips16.fn.*)
 *(.mips16.call.*)
 *(.gnu.warning)

.rodata         0x9d000000        0x0
 *(.rodata.* .gnu.linkonce.r.*)
 *(.rodata1)
                0x9d000000                . = ALIGN (0x4)

.sdata2         0x9fc00490        0x0
 *(.sdata2 .sdata2.* .gnu.linkonce.s2.*)
                0x9fc00490                . = ALIGN (0x4)

.sbss2          0x9fc00490        0x0
 *(.sbss2 .sbss2.* .gnu.linkonce.sb2.*)
                0x9fc00490                . = ALIGN (0x4)

.eh_frame_hdr
 *(.eh_frame_hdr)

.eh_frame
 *(.eh_frame)

.dbg_data       0xa0000000        0x0
                0xa0000000                . = (. + DEFINED (_DEBUGGER)?0x200:0x0)

.persist        0xa0000000        0x0
                0xa0000000                _persist_begin = .
 *(.persist .persist.*)
                0xa0000000                . = ALIGN (0x4)
                0xa0000000                _persist_end = .

.eh_frame       0xa0000000       0x3c
 *(.eh_frame)
 .eh_frame      0xa0000000       0x28 /Applications/microchip/mplabc32/v2.02/bin/../lib/gcc/pic32mx/4.5.1/libgcc.a(_udivdi3.o)
 .eh_frame      0xa0000028       0x14 /Applications/microchip/mplabc32/v2.02/bin/../lib/gcc/pic32mx/4.5.1/libgcc.a(_umoddi3.o)
                                 0x28 (size before relaxing)
                0xa000003c                . = .
                0xa0008030                _gp = (ALIGN (0x10) + 0x7ff0)

.got
 *(.got.plt)
 *(.got)

.sdata          0xa000003c        0xc
                0xa000003c                _sdata_begin = .
 *(.sdata .sdata.* .gnu.linkonce.s.*)
 .sdata         0xa000003c        0x4 build/default/production/_ext/1431111269/main.o
 .sdata         0xa0000040        0x4 /Applications/microchip/mplabc32/v2.02/bin/../lib/gcc/pic32mx/4.5.1/../../../../pic32mx/lib/libc.a(_iob.o)
                0xa0000040                _Files
 .sdata         0xa0000044        0x4 /Applications/microchip/mplabc32/v2.02/bin/../lib/gcc/pic32mx/4.5.1/../../../../pic32mx/lib/libc.a(c32_uart.o)
                0xa0000044                __C32_UART
                0xa0000048                _sdata_end = .

.lit8
 *(.lit8)

.lit4
 *(.lit4)
                0xa0000048                . = ALIGN (0x4)
                0xa0000048                _data_end = .
                0xa0000048                _bss_begin = .

.sbss           0xa0000048       0x14
                0xa0000048                _sbss_begin = .
 *(.dynsbss)
 *(.sbss .sbss.* .gnu.linkonce.sb.*)
 .sbss          0xa0000048        0x4 build/default/production/_ext/1431111269/main.o
 .sbss          0xa000004c        0x4 build/default/production/_ext/1431111269/HB_MotorLib.o
 .sbss          0xa0000050        0x1 /Applications/microchip/mplabc32/v2.02/bin/../lib/gcc/pic32mx/4.5.1/../../../../pic32mx/lib/libc.a(_iob.o)
                0xa0000050                _outdone
 *(.scommon)
 *fill*         0xa0000051        0x3 00
 .scommon       0xa0000054        0x4 build/default/production/_ext/1431111269/main.o
                0xa0000054                fDisplayNeeded
 .scommon       0xa0000058        0x4 build/default/production/_ext/1431111269/HB_MotorLib.o
                0xa0000058                cntRealTime
                0xa000005c                _sbss_end = .

.bss            0xa000005c       0x20
 *(.dynbss)
 *(COMMON)
 COMMON         0xa000005c       0x20 build/default/production/_ext/1431111269/main.o
                0xa000005c                btnBtn1
                0xa000006c                btnBtn2
                0xa000007c                . = ALIGN (0x4)
                0xa000007c                . = ALIGN (0x4)
                0xa000007c                _end = .
                0xa000007c                _bss_end = .
                0x00008000                _bmxdudba_address = 0x8000
                0x00008000                _bmxdupba_address = 0x8000

/DISCARD/
 *(.pdr)
 *(.reginfo)
 *(.rel.dyn)
 *(.note.GNU-stack)
 *(.note.GNU-stack)
 *(.gnu_debuglink)
 *(.gnu.lto_*)
 *(.discard)

.stab
 *(.stab)

.stabstr
 *(.stabstr)

.stab.excl
 *(.stab.excl)

.stab.exclstr
 *(.stab.exclstr)

.stab.index
 *(.stab.index)

.stab.indexstr
 *(.stab.indexstr)

.comment        0x00000000      0x1e3
 *(.comment)
 .comment       0x00000000       0x51 build/default/production/_ext/1431111269/main.o
                                 0x52 (size before relaxing)
 .comment       0x00000000       0x52 build/default/production/_ext/1431111269/util.o
 .comment       0x00000000       0x52 build/default/production/_ext/1431111269/HB_MotorLib.o
 .comment       0x00000000       0x52 build/default/production/_ext/1431111269/ClpLib.o
 .comment       0x00000000       0x52 /Applications/microchip/mplabc32/v2.02/bin/../lib/gcc/pic32mx/4.5.1/libgcc.a(floatunsisf.o)
 .comment       0x00000051       0x55 /Applications/microchip/mplabc32/v2.02/bin/../lib/gcc/pic32mx/4.5.1/../../../../pic32mx/lib/libc.a(strlen.o)
                                 0x56 (size before relaxing)
 .comment       0x00000000       0x52 /Applications/microchip/mplabc32/v2.02/bin/../lib/gcc/pic32mx/4.5.1/../../../../pic32mx/lib/libc.a(sprintf_fF.eo)
 .comment       0x00000000       0x52 /Applications/microchip/mplabc32/v2.02/bin/../lib/gcc/pic32mx/4.5.1/../../../../pic32mx/lib/libc.a(default-general-exception-handler.o)
 .comment       0x00000000       0x52 /Applications/microchip/mplabc32/v2.02/bin/../lib/gcc/pic32mx/4.5.1/../../../../pic32mx/lib/libc.a(default-bootstrap-exception-handler.o)
 .comment       0x00000000       0x52 /Applications/microchip/mplabc32/v2.02/bin/../lib/gcc/pic32mx/4.5.1/../../../../pic32mx/lib/libc.a(default-on-reset.o)
 .comment       0x00000000       0x52 /Applications/microchip/mplabc32/v2.02/bin/../lib/gcc/pic32mx/4.5.1/../../../../pic32mx/lib/libc.a(default-on-bootstrap.o)
 .comment       0x00000000       0x52 /Applications/microchip/mplabc32/v2.02/bin/../lib/gcc/pic32mx/4.5.1/../../../../pic32mx/lib/libc.a(doprnt_fF.eo)
 .comment       0x00000000       0x52 /Applications/microchip/mplabc32/v2.02/bin/../lib/gcc/pic32mx/4.5.1/../../../../pic32mx/lib/libc.a(_fputc_simple.o)
 .comment       0x000000a6       0x4e /Applications/microchip/mplabc32/v2.02/bin/../lib/gcc/pic32mx/4.5.1/../../../../pic32mx/lib/libc.a(ctype.o)
                                 0xa0 (size before relaxing)
 .comment       0x00000000       0x52 /Applications/microchip/mplabc32/v2.02/bin/../lib/gcc/pic32mx/4.5.1/../../../../pic32mx/lib/libc.a(powers.o)
 .comment       0x00000000       0x52 /Applications/microchip/mplabc32/v2.02/bin/../lib/gcc/pic32mx/4.5.1/../../../../pic32mx/lib/libc.a(write.o)
 .comment       0x00000000       0x52 /Applications/microchip/mplabc32/v2.02/bin/../lib/gcc/pic32mx/4.5.1/../../../../pic32mx/lib/libc.a(_iob.o)
 .comment       0x00000000       0x52 /Applications/microchip/mplabc32/v2.02/bin/../lib/gcc/pic32mx/4.5.1/../../../../pic32mx/lib/libc.a(_flsbuf_simple.o)
 .comment       0x00000000       0x52 /Applications/microchip/mplabc32/v2.02/bin/../lib/gcc/pic32mx/4.5.1/../../../../pic32mx/lib/libc.a(_mon_putc.o)
 .comment       0x00000000       0x52 /Applications/microchip/mplabc32/v2.02/bin/../lib/gcc/pic32mx/4.5.1/../../../../pic32mx/lib/libc.a(c32_uart.o)
 .comment       0x000000f4       0x9e /Applications/microchip/mplabc32/v2.02/bin/../lib/gcc/pic32mx/4.5.1/../../../../pic32mx/lib/libe.a(_floatdisf.o)
                                 0xf0 (size before relaxing)
 .comment       0x00000192       0x51 /Applications/microchip/mplabc32/v2.02/bin/../lib/gcc/pic32mx/4.5.1/../../../../pic32mx/lib/libmchp_peripheral_32MX460F512L.a(int_enable_interrupts_lib.o)
                                 0x52 (size before relaxing)
 .comment       0x00000000       0x52 /Applications/microchip/mplabc32/v2.02/bin/../lib/gcc/pic32mx/4.5.1/../../../../pic32mx/lib/libmchp_peripheral_32MX460F512L.a(int_disable_interrupts_lib.o)
 .comment       0x00000000       0x52 /Applications/microchip/mplabc32/v2.02/bin/../lib/gcc/pic32mx/4.5.1/../../../../pic32mx/lib/libmchp_peripheral_32MX460F512L.a(int_enable_mv_int_lib.o)
 .comment       0x00000000       0x52 /Applications/microchip/mplabc32/v2.02/bin/../lib/gcc/pic32mx/4.5.1/libgcc.a(_floatundisf.o)
 .comment       0x00000000       0x52 /Applications/microchip/mplabc32/v2.02/bin/../lib/gcc/pic32mx/4.5.1/libgcc.a(_udivdi3.o)
 .comment       0x00000000       0x52 /Applications/microchip/mplabc32/v2.02/bin/../lib/gcc/pic32mx/4.5.1/libgcc.a(_umoddi3.o)

.debug
 *(.debug)

.line
 *(.line)

.debug_srcinfo
 *(.debug_srcinfo)

.debug_sfnames
 *(.debug_sfnames)

.debug_aranges  0x00000000      0x2c8
 *(.debug_aranges)
 .debug_aranges
                0x00000000       0x20 build/default/production/_ext/1431111269/main.o
 .debug_aranges
                0x00000020       0x20 build/default/production/_ext/1431111269/util.o
 .debug_aranges
                0x00000040       0x20 build/default/production/_ext/1431111269/HB_MotorLib.o
 .debug_aranges
                0x00000060       0x20 build/default/production/_ext/1431111269/ClpLib.o
 .debug_aranges
                0x00000080       0x20 /Applications/microchip/mplabc32/v2.02/bin/../lib/gcc/pic32mx/4.5.1/libgcc.a(floatunsisf.o)
 .debug_aranges
                0x000000a0       0x20 /Applications/microchip/mplabc32/v2.02/bin/../lib/gcc/pic32mx/4.5.1/../../../../pic32mx/lib/libc.a(sprintf_fF.eo)
 .debug_aranges
                0x000000c0       0x20 /Applications/microchip/mplabc32/v2.02/bin/../lib/gcc/pic32mx/4.5.1/../../../../pic32mx/lib/libc.a(default-general-exception-handler.o)
 .debug_aranges
                0x000000e0       0x20 /Applications/microchip/mplabc32/v2.02/bin/../lib/gcc/pic32mx/4.5.1/../../../../pic32mx/lib/libc.a(default-bootstrap-exception-handler.o)
 .debug_aranges
                0x00000100       0x20 /Applications/microchip/mplabc32/v2.02/bin/../lib/gcc/pic32mx/4.5.1/../../../../pic32mx/lib/libc.a(default-on-reset.o)
 .debug_aranges
                0x00000120       0x20 /Applications/microchip/mplabc32/v2.02/bin/../lib/gcc/pic32mx/4.5.1/../../../../pic32mx/lib/libc.a(default-on-bootstrap.o)
 .debug_aranges
                0x00000140       0x28 /Applications/microchip/mplabc32/v2.02/bin/../lib/gcc/pic32mx/4.5.1/../../../../pic32mx/lib/libc.a(doprnt_fF.eo)
 .debug_aranges
                0x00000168       0x20 /Applications/microchip/mplabc32/v2.02/bin/../lib/gcc/pic32mx/4.5.1/../../../../pic32mx/lib/libc.a(_fputc_simple.o)
 .debug_aranges
                0x00000188       0x20 /Applications/microchip/mplabc32/v2.02/bin/../lib/gcc/pic32mx/4.5.1/../../../../pic32mx/lib/libc.a(write.o)
 .debug_aranges
                0x000001a8       0x20 /Applications/microchip/mplabc32/v2.02/bin/../lib/gcc/pic32mx/4.5.1/../../../../pic32mx/lib/libc.a(_flsbuf_simple.o)
 .debug_aranges
                0x000001c8       0x20 /Applications/microchip/mplabc32/v2.02/bin/../lib/gcc/pic32mx/4.5.1/../../../../pic32mx/lib/libc.a(_mon_putc.o)
 .debug_aranges
                0x000001e8       0x20 /Applications/microchip/mplabc32/v2.02/bin/../lib/gcc/pic32mx/4.5.1/../../../../pic32mx/lib/libe.a(_floatdisf.o)
 .debug_aranges
                0x00000208       0x20 /Applications/microchip/mplabc32/v2.02/bin/../lib/gcc/pic32mx/4.5.1/../../../../pic32mx/lib/libmchp_peripheral_32MX460F512L.a(int_enable_interrupts_lib.o)
 .debug_aranges
                0x00000228       0x20 /Applications/microchip/mplabc32/v2.02/bin/../lib/gcc/pic32mx/4.5.1/../../../../pic32mx/lib/libmchp_peripheral_32MX460F512L.a(int_disable_interrupts_lib.o)
 .debug_aranges
                0x00000248       0x20 /Applications/microchip/mplabc32/v2.02/bin/../lib/gcc/pic32mx/4.5.1/../../../../pic32mx/lib/libmchp_peripheral_32MX460F512L.a(int_enable_mv_int_lib.o)
 .debug_aranges
                0x00000268       0x20 /Applications/microchip/mplabc32/v2.02/bin/../lib/gcc/pic32mx/4.5.1/libgcc.a(_floatundisf.o)
 .debug_aranges
                0x00000288       0x20 /Applications/microchip/mplabc32/v2.02/bin/../lib/gcc/pic32mx/4.5.1/libgcc.a(_udivdi3.o)
 .debug_aranges
                0x000002a8       0x20 /Applications/microchip/mplabc32/v2.02/bin/../lib/gcc/pic32mx/4.5.1/libgcc.a(_umoddi3.o)

.debug_pubnames
                0x00000000      0x561
 *(.debug_pubnames)
 .debug_pubnames
                0x00000000       0x7f build/default/production/_ext/1431111269/main.o
 .debug_pubnames
                0x0000007f       0x43 build/default/production/_ext/1431111269/util.o
 .debug_pubnames
                0x000000c2       0x7f build/default/production/_ext/1431111269/HB_MotorLib.o
 .debug_pubnames
                0x00000141      0x188 build/default/production/_ext/1431111269/ClpLib.o
 .debug_pubnames
                0x000002c9       0x24 /Applications/microchip/mplabc32/v2.02/bin/../lib/gcc/pic32mx/4.5.1/libgcc.a(floatunsisf.o)
 .debug_pubnames
                0x000002ed       0x22 /Applications/microchip/mplabc32/v2.02/bin/../lib/gcc/pic32mx/4.5.1/../../../../pic32mx/lib/libc.a(sprintf_fF.eo)
 .debug_pubnames
                0x0000030f       0x31 /Applications/microchip/mplabc32/v2.02/bin/../lib/gcc/pic32mx/4.5.1/../../../../pic32mx/lib/libc.a(default-general-exception-handler.o)
 .debug_pubnames
                0x00000340       0x33 /Applications/microchip/mplabc32/v2.02/bin/../lib/gcc/pic32mx/4.5.1/../../../../pic32mx/lib/libc.a(default-bootstrap-exception-handler.o)
 .debug_pubnames
                0x00000373       0x20 /Applications/microchip/mplabc32/v2.02/bin/../lib/gcc/pic32mx/4.5.1/../../../../pic32mx/lib/libc.a(default-on-reset.o)
 .debug_pubnames
                0x00000393       0x24 /Applications/microchip/mplabc32/v2.02/bin/../lib/gcc/pic32mx/4.5.1/../../../../pic32mx/lib/libc.a(default-on-bootstrap.o)
 .debug_pubnames
                0x000003b7       0x23 /Applications/microchip/mplabc32/v2.02/bin/../lib/gcc/pic32mx/4.5.1/../../../../pic32mx/lib/libc.a(doprnt_fF.eo)
 .debug_pubnames
                0x000003da       0x1c /Applications/microchip/mplabc32/v2.02/bin/../lib/gcc/pic32mx/4.5.1/../../../../pic32mx/lib/libc.a(_fputc_simple.o)
 .debug_pubnames
                0x000003f6       0x1c /Applications/microchip/mplabc32/v2.02/bin/../lib/gcc/pic32mx/4.5.1/../../../../pic32mx/lib/libc.a(write.o)
 .debug_pubnames
                0x00000412       0x1e /Applications/microchip/mplabc32/v2.02/bin/../lib/gcc/pic32mx/4.5.1/../../../../pic32mx/lib/libc.a(_flsbuf_simple.o)
 .debug_pubnames
                0x00000430       0x20 /Applications/microchip/mplabc32/v2.02/bin/../lib/gcc/pic32mx/4.5.1/../../../../pic32mx/lib/libc.a(_mon_putc.o)
 .debug_pubnames
                0x00000450       0x22 /Applications/microchip/mplabc32/v2.02/bin/../lib/gcc/pic32mx/4.5.1/../../../../pic32mx/lib/libe.a(_floatdisf.o)
 .debug_pubnames
                0x00000472       0x2a /Applications/microchip/mplabc32/v2.02/bin/../lib/gcc/pic32mx/4.5.1/../../../../pic32mx/lib/libmchp_peripheral_32MX460F512L.a(int_enable_interrupts_lib.o)
 .debug_pubnames
                0x0000049c       0x2b /Applications/microchip/mplabc32/v2.02/bin/../lib/gcc/pic32mx/4.5.1/../../../../pic32mx/lib/libmchp_peripheral_32MX460F512L.a(int_disable_interrupts_lib.o)
 .debug_pubnames
                0x000004c7       0x36 /Applications/microchip/mplabc32/v2.02/bin/../lib/gcc/pic32mx/4.5.1/../../../../pic32mx/lib/libmchp_peripheral_32MX460F512L.a(int_enable_mv_int_lib.o)
 .debug_pubnames
                0x000004fd       0x24 /Applications/microchip/mplabc32/v2.02/bin/../lib/gcc/pic32mx/4.5.1/libgcc.a(_floatundisf.o)
 .debug_pubnames
                0x00000521       0x20 /Applications/microchip/mplabc32/v2.02/bin/../lib/gcc/pic32mx/4.5.1/libgcc.a(_udivdi3.o)
 .debug_pubnames
                0x00000541       0x20 /Applications/microchip/mplabc32/v2.02/bin/../lib/gcc/pic32mx/4.5.1/libgcc.a(_umoddi3.o)

.debug_info     0x00000000     0x6fc7
 *(.debug_info .gnu.linkonce.wi.*)
 .debug_info    0x00000000     0x14f7 build/default/production/_ext/1431111269/main.o
 .debug_info    0x000014f7     0x1099 build/default/production/_ext/1431111269/util.o
 .debug_info    0x00002590     0x1533 build/default/production/_ext/1431111269/HB_MotorLib.o
 .debug_info    0x00003ac3     0x150b build/default/production/_ext/1431111269/ClpLib.o
 .debug_info    0x00004fce      0x188 /Applications/microchip/mplabc32/v2.02/bin/../lib/gcc/pic32mx/4.5.1/libgcc.a(floatunsisf.o)
 .debug_info    0x00005156       0xde /Applications/microchip/mplabc32/v2.02/bin/../lib/gcc/pic32mx/4.5.1/../../../../pic32mx/lib/libc.a(sprintf_fF.eo)
 .debug_info    0x00005234      0x102 /Applications/microchip/mplabc32/v2.02/bin/../lib/gcc/pic32mx/4.5.1/../../../../pic32mx/lib/libc.a(default-general-exception-handler.o)
 .debug_info    0x00005336      0x106 /Applications/microchip/mplabc32/v2.02/bin/../lib/gcc/pic32mx/4.5.1/../../../../pic32mx/lib/libc.a(default-bootstrap-exception-handler.o)
 .debug_info    0x0000543c       0xe0 /Applications/microchip/mplabc32/v2.02/bin/../lib/gcc/pic32mx/4.5.1/../../../../pic32mx/lib/libc.a(default-on-reset.o)
 .debug_info    0x0000551c       0xe8 /Applications/microchip/mplabc32/v2.02/bin/../lib/gcc/pic32mx/4.5.1/../../../../pic32mx/lib/libc.a(default-on-bootstrap.o)
 .debug_info    0x00005604       0xff /Applications/microchip/mplabc32/v2.02/bin/../lib/gcc/pic32mx/4.5.1/../../../../pic32mx/lib/libc.a(doprnt_fF.eo)
 .debug_info    0x00005703       0xd6 /Applications/microchip/mplabc32/v2.02/bin/../lib/gcc/pic32mx/4.5.1/../../../../pic32mx/lib/libc.a(_fputc_simple.o)
 .debug_info    0x000057d9        0x0 /Applications/microchip/mplabc32/v2.02/bin/../lib/gcc/pic32mx/4.5.1/../../../../pic32mx/lib/libc.a(ctype.o)
 .debug_info    0x000057d9        0x0 /Applications/microchip/mplabc32/v2.02/bin/../lib/gcc/pic32mx/4.5.1/../../../../pic32mx/lib/libc.a(powers.o)
 .debug_info    0x000057d9       0xd1 /Applications/microchip/mplabc32/v2.02/bin/../lib/gcc/pic32mx/4.5.1/../../../../pic32mx/lib/libc.a(write.o)
 .debug_info    0x000058aa        0x0 /Applications/microchip/mplabc32/v2.02/bin/../lib/gcc/pic32mx/4.5.1/../../../../pic32mx/lib/libc.a(_iob.o)
 .debug_info    0x000058aa       0xd9 /Applications/microchip/mplabc32/v2.02/bin/../lib/gcc/pic32mx/4.5.1/../../../../pic32mx/lib/libc.a(_flsbuf_simple.o)
 .debug_info    0x00005983       0xd9 /Applications/microchip/mplabc32/v2.02/bin/../lib/gcc/pic32mx/4.5.1/../../../../pic32mx/lib/libc.a(_mon_putc.o)
 .debug_info    0x00005a5c        0x0 /Applications/microchip/mplabc32/v2.02/bin/../lib/gcc/pic32mx/4.5.1/../../../../pic32mx/lib/libc.a(c32_uart.o)
 .debug_info    0x00005a5c       0xf3 /Applications/microchip/mplabc32/v2.02/bin/../lib/gcc/pic32mx/4.5.1/../../../../pic32mx/lib/libe.a(_floatdisf.o)
 .debug_info    0x00005b4f       0xc9 /Applications/microchip/mplabc32/v2.02/bin/../lib/gcc/pic32mx/4.5.1/../../../../pic32mx/lib/libmchp_peripheral_32MX460F512L.a(int_enable_interrupts_lib.o)
 .debug_info    0x00005c18       0xcb /Applications/microchip/mplabc32/v2.02/bin/../lib/gcc/pic32mx/4.5.1/../../../../pic32mx/lib/libmchp_peripheral_32MX460F512L.a(int_disable_interrupts_lib.o)
 .debug_info    0x00005ce3       0xd1 /Applications/microchip/mplabc32/v2.02/bin/../lib/gcc/pic32mx/4.5.1/../../../../pic32mx/lib/libmchp_peripheral_32MX460F512L.a(int_enable_mv_int_lib.o)
 .debug_info    0x00005db4      0x2d0 /Applications/microchip/mplabc32/v2.02/bin/../lib/gcc/pic32mx/4.5.1/libgcc.a(_floatundisf.o)
 .debug_info    0x00006084      0x783 /Applications/microchip/mplabc32/v2.02/bin/../lib/gcc/pic32mx/4.5.1/libgcc.a(_udivdi3.o)
 .debug_info    0x00006807      0x7c0 /Applications/microchip/mplabc32/v2.02/bin/../lib/gcc/pic32mx/4.5.1/libgcc.a(_umoddi3.o)

.debug_abbrev   0x00000000      0xde8
 *(.debug_abbrev)
 .debug_abbrev  0x00000000      0x229 build/default/production/_ext/1431111269/main.o
 .debug_abbrev  0x00000229      0x1a1 build/default/production/_ext/1431111269/util.o
 .debug_abbrev  0x000003ca      0x226 build/default/production/_ext/1431111269/HB_MotorLib.o
 .debug_abbrev  0x000005f0      0x248 build/default/production/_ext/1431111269/ClpLib.o
 .debug_abbrev  0x00000838       0x61 /Applications/microchip/mplabc32/v2.02/bin/../lib/gcc/pic32mx/4.5.1/libgcc.a(floatunsisf.o)
 .debug_abbrev  0x00000899       0x27 /Applications/microchip/mplabc32/v2.02/bin/../lib/gcc/pic32mx/4.5.1/../../../../pic32mx/lib/libc.a(sprintf_fF.eo)
 .debug_abbrev  0x000008c0       0x25 /Applications/microchip/mplabc32/v2.02/bin/../lib/gcc/pic32mx/4.5.1/../../../../pic32mx/lib/libc.a(default-general-exception-handler.o)
 .debug_abbrev  0x000008e5       0x25 /Applications/microchip/mplabc32/v2.02/bin/../lib/gcc/pic32mx/4.5.1/../../../../pic32mx/lib/libc.a(default-bootstrap-exception-handler.o)
 .debug_abbrev  0x0000090a       0x25 /Applications/microchip/mplabc32/v2.02/bin/../lib/gcc/pic32mx/4.5.1/../../../../pic32mx/lib/libc.a(default-on-reset.o)
 .debug_abbrev  0x0000092f       0x25 /Applications/microchip/mplabc32/v2.02/bin/../lib/gcc/pic32mx/4.5.1/../../../../pic32mx/lib/libc.a(default-on-bootstrap.o)
 .debug_abbrev  0x00000954       0x45 /Applications/microchip/mplabc32/v2.02/bin/../lib/gcc/pic32mx/4.5.1/../../../../pic32mx/lib/libc.a(doprnt_fF.eo)
 .debug_abbrev  0x00000999       0x27 /Applications/microchip/mplabc32/v2.02/bin/../lib/gcc/pic32mx/4.5.1/../../../../pic32mx/lib/libc.a(_fputc_simple.o)
 .debug_abbrev  0x000009c0        0x1 /Applications/microchip/mplabc32/v2.02/bin/../lib/gcc/pic32mx/4.5.1/../../../../pic32mx/lib/libc.a(ctype.o)
 .debug_abbrev  0x000009c1        0x1 /Applications/microchip/mplabc32/v2.02/bin/../lib/gcc/pic32mx/4.5.1/../../../../pic32mx/lib/libc.a(powers.o)
 .debug_abbrev  0x000009c2       0x25 /Applications/microchip/mplabc32/v2.02/bin/../lib/gcc/pic32mx/4.5.1/../../../../pic32mx/lib/libc.a(write.o)
 .debug_abbrev  0x000009e7        0x1 /Applications/microchip/mplabc32/v2.02/bin/../lib/gcc/pic32mx/4.5.1/../../../../pic32mx/lib/libc.a(_iob.o)
 .debug_abbrev  0x000009e8       0x27 /Applications/microchip/mplabc32/v2.02/bin/../lib/gcc/pic32mx/4.5.1/../../../../pic32mx/lib/libc.a(_flsbuf_simple.o)
 .debug_abbrev  0x00000a0f       0x25 /Applications/microchip/mplabc32/v2.02/bin/../lib/gcc/pic32mx/4.5.1/../../../../pic32mx/lib/libc.a(_mon_putc.o)
 .debug_abbrev  0x00000a34        0x1 /Applications/microchip/mplabc32/v2.02/bin/../lib/gcc/pic32mx/4.5.1/../../../../pic32mx/lib/libc.a(c32_uart.o)
 .debug_abbrev  0x00000a35       0x32 /Applications/microchip/mplabc32/v2.02/bin/../lib/gcc/pic32mx/4.5.1/../../../../pic32mx/lib/libe.a(_floatdisf.o)
 .debug_abbrev  0x00000a67       0x25 /Applications/microchip/mplabc32/v2.02/bin/../lib/gcc/pic32mx/4.5.1/../../../../pic32mx/lib/libmchp_peripheral_32MX460F512L.a(int_enable_interrupts_lib.o)
 .debug_abbrev  0x00000a8c       0x25 /Applications/microchip/mplabc32/v2.02/bin/../lib/gcc/pic32mx/4.5.1/../../../../pic32mx/lib/libmchp_peripheral_32MX460F512L.a(int_disable_interrupts_lib.o)
 .debug_abbrev  0x00000ab1       0x25 /Applications/microchip/mplabc32/v2.02/bin/../lib/gcc/pic32mx/4.5.1/../../../../pic32mx/lib/libmchp_peripheral_32MX460F512L.a(int_enable_mv_int_lib.o)
 .debug_abbrev  0x00000ad6       0x79 /Applications/microchip/mplabc32/v2.02/bin/../lib/gcc/pic32mx/4.5.1/libgcc.a(_floatundisf.o)
 .debug_abbrev  0x00000b4f      0x13d /Applications/microchip/mplabc32/v2.02/bin/../lib/gcc/pic32mx/4.5.1/libgcc.a(_udivdi3.o)
 .debug_abbrev  0x00000c8c      0x15c /Applications/microchip/mplabc32/v2.02/bin/../lib/gcc/pic32mx/4.5.1/libgcc.a(_umoddi3.o)

.debug_line     0x00000000     0x1505
 *(.debug_line)
 .debug_line    0x00000000      0x32a build/default/production/_ext/1431111269/main.o
 .debug_line    0x0000032a      0x274 build/default/production/_ext/1431111269/util.o
 .debug_line    0x0000059e      0x2bc build/default/production/_ext/1431111269/HB_MotorLib.o
 .debug_line    0x0000085a      0x300 build/default/production/_ext/1431111269/ClpLib.o
 .debug_line    0x00000b5a       0x6d /Applications/microchip/mplabc32/v2.02/bin/../lib/gcc/pic32mx/4.5.1/libgcc.a(floatunsisf.o)
 .debug_line    0x00000bc7       0x31 /Applications/microchip/mplabc32/v2.02/bin/../lib/gcc/pic32mx/4.5.1/../../../../pic32mx/lib/libc.a(sprintf_fF.eo)
 .debug_line    0x00000bf8       0xa4 /Applications/microchip/mplabc32/v2.02/bin/../lib/gcc/pic32mx/4.5.1/../../../../pic32mx/lib/libc.a(default-general-exception-handler.o)
 .debug_line    0x00000c9c       0xa6 /Applications/microchip/mplabc32/v2.02/bin/../lib/gcc/pic32mx/4.5.1/../../../../pic32mx/lib/libc.a(default-bootstrap-exception-handler.o)
 .debug_line    0x00000d42       0x93 /Applications/microchip/mplabc32/v2.02/bin/../lib/gcc/pic32mx/4.5.1/../../../../pic32mx/lib/libc.a(default-on-reset.o)
 .debug_line    0x00000dd5       0x97 /Applications/microchip/mplabc32/v2.02/bin/../lib/gcc/pic32mx/4.5.1/../../../../pic32mx/lib/libc.a(default-on-bootstrap.o)
 .debug_line    0x00000e6c       0x30 /Applications/microchip/mplabc32/v2.02/bin/../lib/gcc/pic32mx/4.5.1/../../../../pic32mx/lib/libc.a(doprnt_fF.eo)
 .debug_line    0x00000e9c       0x2f /Applications/microchip/mplabc32/v2.02/bin/../lib/gcc/pic32mx/4.5.1/../../../../pic32mx/lib/libc.a(_fputc_simple.o)
 .debug_line    0x00000ecb        0x0 /Applications/microchip/mplabc32/v2.02/bin/../lib/gcc/pic32mx/4.5.1/../../../../pic32mx/lib/libc.a(ctype.o)
 .debug_line    0x00000ecb        0x0 /Applications/microchip/mplabc32/v2.02/bin/../lib/gcc/pic32mx/4.5.1/../../../../pic32mx/lib/libc.a(powers.o)
 .debug_line    0x00000ecb       0x88 /Applications/microchip/mplabc32/v2.02/bin/../lib/gcc/pic32mx/4.5.1/../../../../pic32mx/lib/libc.a(write.o)
 .debug_line    0x00000f53        0x0 /Applications/microchip/mplabc32/v2.02/bin/../lib/gcc/pic32mx/4.5.1/../../../../pic32mx/lib/libc.a(_iob.o)
 .debug_line    0x00000f53       0x30 /Applications/microchip/mplabc32/v2.02/bin/../lib/gcc/pic32mx/4.5.1/../../../../pic32mx/lib/libc.a(_flsbuf_simple.o)
 .debug_line    0x00000f83       0x8c /Applications/microchip/mplabc32/v2.02/bin/../lib/gcc/pic32mx/4.5.1/../../../../pic32mx/lib/libc.a(_mon_putc.o)
 .debug_line    0x0000100f        0x0 /Applications/microchip/mplabc32/v2.02/bin/../lib/gcc/pic32mx/4.5.1/../../../../pic32mx/lib/libc.a(c32_uart.o)
 .debug_line    0x0000100f       0xa6 /Applications/microchip/mplabc32/v2.02/bin/../lib/gcc/pic32mx/4.5.1/../../../../pic32mx/lib/libe.a(_floatdisf.o)
 .debug_line    0x000010b5       0x72 /Applications/microchip/mplabc32/v2.02/bin/../lib/gcc/pic32mx/4.5.1/../../../../pic32mx/lib/libmchp_peripheral_32MX460F512L.a(int_enable_interrupts_lib.o)
 .debug_line    0x00001127       0x73 /Applications/microchip/mplabc32/v2.02/bin/../lib/gcc/pic32mx/4.5.1/../../../../pic32mx/lib/libmchp_peripheral_32MX460F512L.a(int_disable_interrupts_lib.o)
 .debug_line    0x0000119a       0x6e /Applications/microchip/mplabc32/v2.02/bin/../lib/gcc/pic32mx/4.5.1/../../../../pic32mx/lib/libmchp_peripheral_32MX460F512L.a(int_enable_mv_int_lib.o)
 .debug_line    0x00001208       0xc3 /Applications/microchip/mplabc32/v2.02/bin/../lib/gcc/pic32mx/4.5.1/libgcc.a(_floatundisf.o)
 .debug_line    0x000012cb      0x112 /Applications/microchip/mplabc32/v2.02/bin/../lib/gcc/pic32mx/4.5.1/libgcc.a(_udivdi3.o)
 .debug_line    0x000013dd      0x128 /Applications/microchip/mplabc32/v2.02/bin/../lib/gcc/pic32mx/4.5.1/libgcc.a(_umoddi3.o)

.debug_frame    0x00000000      0x630
 *(.debug_frame)
 .debug_frame   0x00000000       0xa0 build/default/production/_ext/1431111269/main.o
 .debug_frame   0x000000a0       0x80 build/default/production/_ext/1431111269/util.o
 .debug_frame   0x00000120       0x88 build/default/production/_ext/1431111269/HB_MotorLib.o
 .debug_frame   0x000001a8      0x208 build/default/production/_ext/1431111269/ClpLib.o
 .debug_frame   0x000003b0       0x28 /Applications/microchip/mplabc32/v2.02/bin/../lib/gcc/pic32mx/4.5.1/libgcc.a(floatunsisf.o)
 .debug_frame   0x000003d8       0x2c /Applications/microchip/mplabc32/v2.02/bin/../lib/gcc/pic32mx/4.5.1/../../../../pic32mx/lib/libc.a(sprintf_fF.eo)
 .debug_frame   0x00000404       0x20 /Applications/microchip/mplabc32/v2.02/bin/../lib/gcc/pic32mx/4.5.1/../../../../pic32mx/lib/libc.a(default-general-exception-handler.o)
 .debug_frame   0x00000424       0x20 /Applications/microchip/mplabc32/v2.02/bin/../lib/gcc/pic32mx/4.5.1/../../../../pic32mx/lib/libc.a(default-bootstrap-exception-handler.o)
 .debug_frame   0x00000444       0x20 /Applications/microchip/mplabc32/v2.02/bin/../lib/gcc/pic32mx/4.5.1/../../../../pic32mx/lib/libc.a(default-on-reset.o)
 .debug_frame   0x00000464       0x20 /Applications/microchip/mplabc32/v2.02/bin/../lib/gcc/pic32mx/4.5.1/../../../../pic32mx/lib/libc.a(default-on-bootstrap.o)
 .debug_frame   0x00000484       0x5c /Applications/microchip/mplabc32/v2.02/bin/../lib/gcc/pic32mx/4.5.1/../../../../pic32mx/lib/libc.a(doprnt_fF.eo)
 .debug_frame   0x000004e0       0x2c /Applications/microchip/mplabc32/v2.02/bin/../lib/gcc/pic32mx/4.5.1/../../../../pic32mx/lib/libc.a(_fputc_simple.o)
 .debug_frame   0x0000050c       0x28 /Applications/microchip/mplabc32/v2.02/bin/../lib/gcc/pic32mx/4.5.1/../../../../pic32mx/lib/libc.a(write.o)
 .debug_frame   0x00000534       0x28 /Applications/microchip/mplabc32/v2.02/bin/../lib/gcc/pic32mx/4.5.1/../../../../pic32mx/lib/libc.a(_flsbuf_simple.o)
 .debug_frame   0x0000055c       0x20 /Applications/microchip/mplabc32/v2.02/bin/../lib/gcc/pic32mx/4.5.1/../../../../pic32mx/lib/libc.a(_mon_putc.o)
 .debug_frame   0x0000057c       0x20 /Applications/microchip/mplabc32/v2.02/bin/../lib/gcc/pic32mx/4.5.1/../../../../pic32mx/lib/libe.a(_floatdisf.o)
 .debug_frame   0x0000059c       0x20 /Applications/microchip/mplabc32/v2.02/bin/../lib/gcc/pic32mx/4.5.1/../../../../pic32mx/lib/libmchp_peripheral_32MX460F512L.a(int_enable_interrupts_lib.o)
 .debug_frame   0x000005bc       0x20 /Applications/microchip/mplabc32/v2.02/bin/../lib/gcc/pic32mx/4.5.1/../../../../pic32mx/lib/libmchp_peripheral_32MX460F512L.a(int_disable_interrupts_lib.o)
 .debug_frame   0x000005dc       0x28 /Applications/microchip/mplabc32/v2.02/bin/../lib/gcc/pic32mx/4.5.1/../../../../pic32mx/lib/libmchp_peripheral_32MX460F512L.a(int_enable_mv_int_lib.o)
 .debug_frame   0x00000604       0x2c /Applications/microchip/mplabc32/v2.02/bin/../lib/gcc/pic32mx/4.5.1/libgcc.a(_floatundisf.o)

.debug_str      0x00000000      0x49e
 *(.debug_str)
 .debug_str     0x00000000      0x121 build/default/production/_ext/1431111269/main.o
 .debug_str     0x00000121       0xfd build/default/production/_ext/1431111269/util.o
 .debug_str     0x0000021e      0x143 build/default/production/_ext/1431111269/HB_MotorLib.o
 .debug_str     0x00000361      0x13d build/default/production/_ext/1431111269/ClpLib.o
 .debug_str     0x0000049e        0x0 /Applications/microchip/mplabc32/v2.02/bin/../lib/gcc/pic32mx/4.5.1/libgcc.a(floatunsisf.o)
 .debug_str     0x0000049e        0x0 /Applications/microchip/mplabc32/v2.02/bin/../lib/gcc/pic32mx/4.5.1/../../../../pic32mx/lib/libc.a(sprintf_fF.eo)
 .debug_str     0x0000049e        0x0 /Applications/microchip/mplabc32/v2.02/bin/../lib/gcc/pic32mx/4.5.1/../../../../pic32mx/lib/libc.a(default-general-exception-handler.o)
 .debug_str     0x0000049e        0x0 /Applications/microchip/mplabc32/v2.02/bin/../lib/gcc/pic32mx/4.5.1/../../../../pic32mx/lib/libc.a(default-bootstrap-exception-handler.o)
 .debug_str     0x0000049e        0x0 /Applications/microchip/mplabc32/v2.02/bin/../lib/gcc/pic32mx/4.5.1/../../../../pic32mx/lib/libc.a(default-on-reset.o)
 .debug_str     0x0000049e        0x0 /Applications/microchip/mplabc32/v2.02/bin/../lib/gcc/pic32mx/4.5.1/../../../../pic32mx/lib/libc.a(default-on-bootstrap.o)
 .debug_str     0x0000049e        0x0 /Applications/microchip/mplabc32/v2.02/bin/../lib/gcc/pic32mx/4.5.1/../../../../pic32mx/lib/libc.a(doprnt_fF.eo)
 .debug_str     0x0000049e        0x0 /Applications/microchip/mplabc32/v2.02/bin/../lib/gcc/pic32mx/4.5.1/../../../../pic32mx/lib/libc.a(_fputc_simple.o)
 .debug_str     0x0000049e        0x0 /Applications/microchip/mplabc32/v2.02/bin/../lib/gcc/pic32mx/4.5.1/../../../../pic32mx/lib/libc.a(ctype.o)
 .debug_str     0x0000049e        0x0 /Applications/microchip/mplabc32/v2.02/bin/../lib/gcc/pic32mx/4.5.1/../../../../pic32mx/lib/libc.a(powers.o)
 .debug_str     0x0000049e        0x0 /Applications/microchip/mplabc32/v2.02/bin/../lib/gcc/pic32mx/4.5.1/../../../../pic32mx/lib/libc.a(write.o)
 .debug_str     0x0000049e        0x0 /Applications/microchip/mplabc32/v2.02/bin/../lib/gcc/pic32mx/4.5.1/../../../../pic32mx/lib/libc.a(_iob.o)
 .debug_str     0x0000049e        0x0 /Applications/microchip/mplabc32/v2.02/bin/../lib/gcc/pic32mx/4.5.1/../../../../pic32mx/lib/libc.a(_flsbuf_simple.o)
 .debug_str     0x0000049e        0x0 /Applications/microchip/mplabc32/v2.02/bin/../lib/gcc/pic32mx/4.5.1/../../../../pic32mx/lib/libc.a(_mon_putc.o)
 .debug_str     0x0000049e        0x0 /Applications/microchip/mplabc32/v2.02/bin/../lib/gcc/pic32mx/4.5.1/../../../../pic32mx/lib/libc.a(c32_uart.o)
 .debug_str     0x0000049e        0x0 /Applications/microchip/mplabc32/v2.02/bin/../lib/gcc/pic32mx/4.5.1/../../../../pic32mx/lib/libe.a(_floatdisf.o)
 .debug_str     0x0000049e        0x0 /Applications/microchip/mplabc32/v2.02/bin/../lib/gcc/pic32mx/4.5.1/../../../../pic32mx/lib/libmchp_peripheral_32MX460F512L.a(int_enable_interrupts_lib.o)
 .debug_str     0x0000049e        0x0 /Applications/microchip/mplabc32/v2.02/bin/../lib/gcc/pic32mx/4.5.1/../../../../pic32mx/lib/libmchp_peripheral_32MX460F512L.a(int_disable_interrupts_lib.o)
 .debug_str     0x0000049e        0x0 /Applications/microchip/mplabc32/v2.02/bin/../lib/gcc/pic32mx/4.5.1/../../../../pic32mx/lib/libmchp_peripheral_32MX460F512L.a(int_enable_mv_int_lib.o)
 .debug_str     0x0000049e        0x0 /Applications/microchip/mplabc32/v2.02/bin/../lib/gcc/pic32mx/4.5.1/libgcc.a(_floatundisf.o)
 .debug_str     0x0000049e        0x0 /Applications/microchip/mplabc32/v2.02/bin/../lib/gcc/pic32mx/4.5.1/libgcc.a(_udivdi3.o)
 .debug_str     0x0000049e        0x0 /Applications/microchip/mplabc32/v2.02/bin/../lib/gcc/pic32mx/4.5.1/libgcc.a(_umoddi3.o)

.debug_loc      0x00000000     0x1595
 *(.debug_loc)
 .debug_loc     0x00000000       0x68 /Applications/microchip/mplabc32/v2.02/bin/../lib/gcc/pic32mx/4.5.1/libgcc.a(floatunsisf.o)
 .debug_loc     0x00000068       0xc9 /Applications/microchip/mplabc32/v2.02/bin/../lib/gcc/pic32mx/4.5.1/libgcc.a(_floatundisf.o)
 .debug_loc     0x00000131      0xa47 /Applications/microchip/mplabc32/v2.02/bin/../lib/gcc/pic32mx/4.5.1/libgcc.a(_udivdi3.o)
 .debug_loc     0x00000b78      0xa1d /Applications/microchip/mplabc32/v2.02/bin/../lib/gcc/pic32mx/4.5.1/libgcc.a(_umoddi3.o)

.debug_macinfo
 *(.debug_macinfo)

.debug_weaknames
 *(.debug_weaknames)

.debug_funcnames
 *(.debug_funcnames)

.debug_typenames
 *(.debug_typenames)

.debug_varnames
 *(.debug_varnames)

.debug_pubtypes
                0x00000000      0x514
 *(.debug_pubtypes)
 .debug_pubtypes
                0x00000000      0x128 build/default/production/_ext/1431111269/main.o
 .debug_pubtypes
                0x00000128       0xda build/default/production/_ext/1431111269/util.o
 .debug_pubtypes
                0x00000202      0x112 build/default/production/_ext/1431111269/HB_MotorLib.o
 .debug_pubtypes
                0x00000314       0xda build/default/production/_ext/1431111269/ClpLib.o
 .debug_pubtypes
                0x000003ee       0x34 /Applications/microchip/mplabc32/v2.02/bin/../lib/gcc/pic32mx/4.5.1/libgcc.a(floatunsisf.o)
 .debug_pubtypes
                0x00000422       0x40 /Applications/microchip/mplabc32/v2.02/bin/../lib/gcc/pic32mx/4.5.1/libgcc.a(_floatundisf.o)
 .debug_pubtypes
                0x00000462       0x59 /Applications/microchip/mplabc32/v2.02/bin/../lib/gcc/pic32mx/4.5.1/libgcc.a(_udivdi3.o)
 .debug_pubtypes
                0x000004bb       0x59 /Applications/microchip/mplabc32/v2.02/bin/../lib/gcc/pic32mx/4.5.1/libgcc.a(_umoddi3.o)

.debug_ranges   0x00000000      0x2a0
 *(.debug_ranges)
 .debug_ranges  0x00000000       0x10 /Applications/microchip/mplabc32/v2.02/bin/../lib/gcc/pic32mx/4.5.1/../../../../pic32mx/lib/libc.a(sprintf_fF.eo)
 .debug_ranges  0x00000010       0x10 /Applications/microchip/mplabc32/v2.02/bin/../lib/gcc/pic32mx/4.5.1/../../../../pic32mx/lib/libc.a(default-general-exception-handler.o)
 .debug_ranges  0x00000020       0x10 /Applications/microchip/mplabc32/v2.02/bin/../lib/gcc/pic32mx/4.5.1/../../../../pic32mx/lib/libc.a(default-bootstrap-exception-handler.o)
 .debug_ranges  0x00000030       0x10 /Applications/microchip/mplabc32/v2.02/bin/../lib/gcc/pic32mx/4.5.1/../../../../pic32mx/lib/libc.a(default-on-reset.o)
 .debug_ranges  0x00000040       0x10 /Applications/microchip/mplabc32/v2.02/bin/../lib/gcc/pic32mx/4.5.1/../../../../pic32mx/lib/libc.a(default-on-bootstrap.o)
 .debug_ranges  0x00000050       0x18 /Applications/microchip/mplabc32/v2.02/bin/../lib/gcc/pic32mx/4.5.1/../../../../pic32mx/lib/libc.a(doprnt_fF.eo)
 .debug_ranges  0x00000068       0x10 /Applications/microchip/mplabc32/v2.02/bin/../lib/gcc/pic32mx/4.5.1/../../../../pic32mx/lib/libc.a(_fputc_simple.o)
 .debug_ranges  0x00000078       0x10 /Applications/microchip/mplabc32/v2.02/bin/../lib/gcc/pic32mx/4.5.1/../../../../pic32mx/lib/libc.a(write.o)
 .debug_ranges  0x00000088       0x10 /Applications/microchip/mplabc32/v2.02/bin/../lib/gcc/pic32mx/4.5.1/../../../../pic32mx/lib/libc.a(_flsbuf_simple.o)
 .debug_ranges  0x00000098       0x10 /Applications/microchip/mplabc32/v2.02/bin/../lib/gcc/pic32mx/4.5.1/../../../../pic32mx/lib/libc.a(_mon_putc.o)
 .debug_ranges  0x000000a8       0x10 /Applications/microchip/mplabc32/v2.02/bin/../lib/gcc/pic32mx/4.5.1/../../../../pic32mx/lib/libe.a(_floatdisf.o)
 .debug_ranges  0x000000b8       0x10 /Applications/microchip/mplabc32/v2.02/bin/../lib/gcc/pic32mx/4.5.1/../../../../pic32mx/lib/libmchp_peripheral_32MX460F512L.a(int_enable_interrupts_lib.o)
 .debug_ranges  0x000000c8       0x10 /Applications/microchip/mplabc32/v2.02/bin/../lib/gcc/pic32mx/4.5.1/../../../../pic32mx/lib/libmchp_peripheral_32MX460F512L.a(int_disable_interrupts_lib.o)
 .debug_ranges  0x000000d8       0x10 /Applications/microchip/mplabc32/v2.02/bin/../lib/gcc/pic32mx/4.5.1/../../../../pic32mx/lib/libmchp_peripheral_32MX460F512L.a(int_enable_mv_int_lib.o)
 .debug_ranges  0x000000e8       0xc0 /Applications/microchip/mplabc32/v2.02/bin/../lib/gcc/pic32mx/4.5.1/libgcc.a(_udivdi3.o)
 .debug_ranges  0x000001a8       0xf8 /Applications/microchip/mplabc32/v2.02/bin/../lib/gcc/pic32mx/4.5.1/libgcc.a(_umoddi3.o)

.gnu.attributes
                0x00000000       0x10
 *(.gnu.attributes)
 .gnu.attributes
                0x00000000       0x10 build/default/production/_ext/1431111269/main.o
 .gnu.attributes
                0x00000010       0x10 build/default/production/_ext/1431111269/util.o
 .gnu.attributes
                0x00000020       0x10 build/default/production/_ext/1431111269/HB_MotorLib.o
 .gnu.attributes
                0x00000030       0x10 build/default/production/_ext/1431111269/ClpLib.o
 .gnu.attributes
                0x00000040       0x10 /Applications/microchip/mplabc32/v2.02/bin/../lib/gcc/pic32mx/4.5.1/libgcc.a(floatunsisf.o)
 .gnu.attributes
                0x00000050       0x10 /Applications/microchip/mplabc32/v2.02/bin/../lib/gcc/pic32mx/4.5.1/../../../../pic32mx/lib/libc.a(sprintf_fF.eo)
 .gnu.attributes
                0x00000060       0x10 /Applications/microchip/mplabc32/v2.02/bin/../lib/gcc/pic32mx/4.5.1/../../../../pic32mx/lib/libc.a(default-general-exception-handler.o)
 .gnu.attributes
                0x00000070       0x10 /Applications/microchip/mplabc32/v2.02/bin/../lib/gcc/pic32mx/4.5.1/../../../../pic32mx/lib/libc.a(default-bootstrap-exception-handler.o)
 .gnu.attributes
                0x00000080       0x10 /Applications/microchip/mplabc32/v2.02/bin/../lib/gcc/pic32mx/4.5.1/../../../../pic32mx/lib/libc.a(default-on-reset.o)
 .gnu.attributes
                0x00000090       0x10 /Applications/microchip/mplabc32/v2.02/bin/../lib/gcc/pic32mx/4.5.1/../../../../pic32mx/lib/libc.a(default-on-bootstrap.o)
 .gnu.attributes
                0x000000a0       0x10 /Applications/microchip/mplabc32/v2.02/bin/../lib/gcc/pic32mx/4.5.1/../../../../pic32mx/lib/libc.a(doprnt_fF.eo)
 .gnu.attributes
                0x000000b0       0x10 /Applications/microchip/mplabc32/v2.02/bin/../lib/gcc/pic32mx/4.5.1/../../../../pic32mx/lib/libc.a(_fputc_simple.o)
 .gnu.attributes
                0x000000c0       0x10 /Applications/microchip/mplabc32/v2.02/bin/../lib/gcc/pic32mx/4.5.1/../../../../pic32mx/lib/libc.a(ctype.o)
 .gnu.attributes
                0x000000d0       0x10 /Applications/microchip/mplabc32/v2.02/bin/../lib/gcc/pic32mx/4.5.1/../../../../pic32mx/lib/libc.a(powers.o)
 .gnu.attributes
                0x000000e0       0x10 /Applications/microchip/mplabc32/v2.02/bin/../lib/gcc/pic32mx/4.5.1/../../../../pic32mx/lib/libc.a(write.o)
 .gnu.attributes
                0x000000f0       0x10 /Applications/microchip/mplabc32/v2.02/bin/../lib/gcc/pic32mx/4.5.1/../../../../pic32mx/lib/libc.a(_iob.o)
 .gnu.attributes
                0x00000100       0x10 /Applications/microchip/mplabc32/v2.02/bin/../lib/gcc/pic32mx/4.5.1/../../../../pic32mx/lib/libc.a(_flsbuf_simple.o)
 .gnu.attributes
                0x00000110       0x10 /Applications/microchip/mplabc32/v2.02/bin/../lib/gcc/pic32mx/4.5.1/../../../../pic32mx/lib/libc.a(_mon_putc.o)
 .gnu.attributes
                0x00000120       0x10 /Applications/microchip/mplabc32/v2.02/bin/../lib/gcc/pic32mx/4.5.1/../../../../pic32mx/lib/libc.a(c32_uart.o)
 .gnu.attributes
                0x00000130       0x10 /Applications/microchip/mplabc32/v2.02/bin/../lib/gcc/pic32mx/4.5.1/../../../../pic32mx/lib/libe.a(_floatdisf.o)
 .gnu.attributes
                0x00000140       0x10 /Applications/microchip/mplabc32/v2.02/bin/../lib/gcc/pic32mx/4.5.1/../../../../pic32mx/lib/libmchp_peripheral_32MX460F512L.a(int_enable_interrupts_lib.o)
 .gnu.attributes
                0x00000150       0x10 /Applications/microchip/mplabc32/v2.02/bin/../lib/gcc/pic32mx/4.5.1/../../../../pic32mx/lib/libmchp_peripheral_32MX460F512L.a(int_disable_interrupts_lib.o)
 .gnu.attributes
                0x00000160       0x10 /Applications/microchip/mplabc32/v2.02/bin/../lib/gcc/pic32mx/4.5.1/../../../../pic32mx/lib/libmchp_peripheral_32MX460F512L.a(int_enable_mv_int_lib.o)
 .gnu.attributes
                0x00000170       0x10 /Applications/microchip/mplabc32/v2.02/bin/../lib/gcc/pic32mx/4.5.1/libgcc.a(_floatundisf.o)
 .gnu.attributes
                0x00000180       0x10 /Applications/microchip/mplabc32/v2.02/bin/../lib/gcc/pic32mx/4.5.1/libgcc.a(_udivdi3.o)
 .gnu.attributes
                0x00000190       0x10 /Applications/microchip/mplabc32/v2.02/bin/../lib/gcc/pic32mx/4.5.1/libgcc.a(_umoddi3.o)
OUTPUT(dist/default/production/HB_MotorDemo.X.production.elf elf32-tradlittlemips)
LOAD stack
LOAD data_init

.stack          0xa00001a0      0x400
 .stack         0xa00001a0      0x400 stack

.data           0xa0000090       0xa0
 .data          0xa0000090       0xa0 /Applications/microchip/mplabc32/v2.02/bin/../lib/gcc/pic32mx/4.5.1/../../../../pic32mx/lib/libc.a(_iob.o)
                0xa0000090                _iob

.bss            0xa0000130       0x54
 .bss           0xa0000130       0x40 /Applications/microchip/mplabc32/v2.02/bin/../lib/gcc/pic32mx/4.5.1/../../../../pic32mx/lib/libc.a(_iob.o)
                0xa0000130                _sibuf
                0xa0000150                _sobuf
 .bss           0xa0000170       0x14 build/default/production/_ext/1431111269/HB_MotorLib.o

.bss%z1         0x00000000        0x0
 .bss           0x00000000        0x0 /Applications/microchip/mplabc32/v2.02/bin/../lib/gcc/pic32mx/4.5.1/../../../../pic32mx/lib/./proc/32MX460F512L/processor.o

.data%z2        0x00000000        0x0
 .data          0x00000000        0x0 /Applications/microchip/mplabc32/v2.02/bin/../lib/gcc/pic32mx/4.5.1/../../../../pic32mx/lib/./proc/32MX460F512L/processor.o

.mdebug.abi32%z3
                0x00000000        0x0
 .mdebug.abi32  0x00000000        0x0 /Applications/microchip/mplabc32/v2.02/bin/../lib/gcc/pic32mx/4.5.1/libgcc.a(_umoddi3.o)

.bss%z4         0x00000000        0x0
 .bss           0x00000000        0x0 /Applications/microchip/mplabc32/v2.02/bin/../lib/gcc/pic32mx/4.5.1/libgcc.a(_umoddi3.o)

.data%z5        0x00000000        0x0
 .data          0x00000000        0x0 /Applications/microchip/mplabc32/v2.02/bin/../lib/gcc/pic32mx/4.5.1/libgcc.a(_umoddi3.o)

.mdebug.abi32%z6
                0x00000000        0x0
 .mdebug.abi32  0x00000000        0x0 /Applications/microchip/mplabc32/v2.02/bin/../lib/gcc/pic32mx/4.5.1/libgcc.a(_udivdi3.o)

.bss%z7         0x00000000        0x0
 .bss           0x00000000        0x0 /Applications/microchip/mplabc32/v2.02/bin/../lib/gcc/pic32mx/4.5.1/libgcc.a(_udivdi3.o)

.data%z8        0x00000000        0x0
 .data          0x00000000        0x0 /Applications/microchip/mplabc32/v2.02/bin/../lib/gcc/pic32mx/4.5.1/libgcc.a(_udivdi3.o)

.mdebug.abi32%z9
                0x00000000        0x0
 .mdebug.abi32  0x00000000        0x0 /Applications/microchip/mplabc32/v2.02/bin/../lib/gcc/pic32mx/4.5.1/libgcc.a(_floatundisf.o)

.bss%z10        0x00000000        0x0
 .bss           0x00000000        0x0 /Applications/microchip/mplabc32/v2.02/bin/../lib/gcc/pic32mx/4.5.1/libgcc.a(_floatundisf.o)

.data%z11       0x00000000        0x0
 .data          0x00000000        0x0 /Applications/microchip/mplabc32/v2.02/bin/../lib/gcc/pic32mx/4.5.1/libgcc.a(_floatundisf.o)

.mdebug.abi32%z12
                0x00000000        0x0
 .mdebug.abi32  0x00000000        0x0 /Applications/microchip/mplabc32/v2.02/bin/../lib/gcc/pic32mx/4.5.1/../../../../pic32mx/lib/libmchp_peripheral_32MX460F512L.a(int_enable_mv_int_lib.o)

.bss%z13        0x00000000        0x0
 .bss           0x00000000        0x0 /Applications/microchip/mplabc32/v2.02/bin/../lib/gcc/pic32mx/4.5.1/../../../../pic32mx/lib/libmchp_peripheral_32MX460F512L.a(int_enable_mv_int_lib.o)

.data%z14       0x00000000        0x0
 .data          0x00000000        0x0 /Applications/microchip/mplabc32/v2.02/bin/../lib/gcc/pic32mx/4.5.1/../../../../pic32mx/lib/libmchp_peripheral_32MX460F512L.a(int_enable_mv_int_lib.o)

.mdebug.abi32%z15
                0x00000000        0x0
 .mdebug.abi32  0x00000000        0x0 /Applications/microchip/mplabc32/v2.02/bin/../lib/gcc/pic32mx/4.5.1/../../../../pic32mx/lib/libmchp_peripheral_32MX460F512L.a(int_disable_interrupts_lib.o)

.bss%z16        0x00000000        0x0
 .bss           0x00000000        0x0 /Applications/microchip/mplabc32/v2.02/bin/../lib/gcc/pic32mx/4.5.1/../../../../pic32mx/lib/libmchp_peripheral_32MX460F512L.a(int_disable_interrupts_lib.o)

.data%z17       0x00000000        0x0
 .data          0x00000000        0x0 /Applications/microchip/mplabc32/v2.02/bin/../lib/gcc/pic32mx/4.5.1/../../../../pic32mx/lib/libmchp_peripheral_32MX460F512L.a(int_disable_interrupts_lib.o)

.mdebug.abi32%z18
                0x00000000        0x0
 .mdebug.abi32  0x00000000        0x0 /Applications/microchip/mplabc32/v2.02/bin/../lib/gcc/pic32mx/4.5.1/../../../../pic32mx/lib/libmchp_peripheral_32MX460F512L.a(int_enable_interrupts_lib.o)

.bss%z19        0x00000000        0x0
 .bss           0x00000000        0x0 /Applications/microchip/mplabc32/v2.02/bin/../lib/gcc/pic32mx/4.5.1/../../../../pic32mx/lib/libmchp_peripheral_32MX460F512L.a(int_enable_interrupts_lib.o)

.data%z20       0x00000000        0x0
 .data          0x00000000        0x0 /Applications/microchip/mplabc32/v2.02/bin/../lib/gcc/pic32mx/4.5.1/../../../../pic32mx/lib/libmchp_peripheral_32MX460F512L.a(int_enable_interrupts_lib.o)

.mdebug.abi32%z21
                0x00000000        0x0
 .mdebug.abi32  0x00000000        0x0 /Applications/microchip/mplabc32/v2.02/bin/../lib/gcc/pic32mx/4.5.1/../../../../pic32mx/lib/libe.a(_floatdisf.o)

.bss%z22        0x00000000        0x0
 .bss           0x00000000        0x0 /Applications/microchip/mplabc32/v2.02/bin/../lib/gcc/pic32mx/4.5.1/../../../../pic32mx/lib/libe.a(_floatdisf.o)

.data%z23       0x00000000        0x0
 .data          0x00000000        0x0 /Applications/microchip/mplabc32/v2.02/bin/../lib/gcc/pic32mx/4.5.1/../../../../pic32mx/lib/libe.a(_floatdisf.o)

.bss%z24        0x00000000        0x0
 .bss           0x00000000        0x0 /Applications/microchip/mplabc32/v2.02/bin/../lib/gcc/pic32mx/4.5.1/../../../../pic32mx/lib/libm.a(fp32.o)

.data%z25       0x00000000        0x0
 .data          0x00000000        0x0 /Applications/microchip/mplabc32/v2.02/bin/../lib/gcc/pic32mx/4.5.1/../../../../pic32mx/lib/libm.a(fp32.o)

.bss%z26        0x00000000        0x0
 .bss           0x00000000        0x0 /Applications/microchip/mplabc32/v2.02/bin/../lib/gcc/pic32mx/4.5.1/../../../../pic32mx/lib/libm.a(fpmod32.o)

.data%z27       0x00000000        0x0
 .data          0x00000000        0x0 /Applications/microchip/mplabc32/v2.02/bin/../lib/gcc/pic32mx/4.5.1/../../../../pic32mx/lib/libm.a(fpmod32.o)

.mdebug.abi32%z28
                0x00000000        0x0
 .mdebug.abi32  0x00000000        0x0 /Applications/microchip/mplabc32/v2.02/bin/../lib/gcc/pic32mx/4.5.1/../../../../pic32mx/lib/libc.a(c32_uart.o)

.bss%z29        0x00000000        0x0
 .bss           0x00000000        0x0 /Applications/microchip/mplabc32/v2.02/bin/../lib/gcc/pic32mx/4.5.1/../../../../pic32mx/lib/libc.a(c32_uart.o)

.data%z30       0x00000000        0x0
 .data          0x00000000        0x0 /Applications/microchip/mplabc32/v2.02/bin/../lib/gcc/pic32mx/4.5.1/../../../../pic32mx/lib/libc.a(c32_uart.o)

.mdebug.abi32%z31
                0x00000000        0x0
 .mdebug.abi32  0x00000000        0x0 /Applications/microchip/mplabc32/v2.02/bin/../lib/gcc/pic32mx/4.5.1/../../../../pic32mx/lib/libc.a(_mon_putc.o)

.bss%z32        0x00000000        0x0
 .bss           0x00000000        0x0 /Applications/microchip/mplabc32/v2.02/bin/../lib/gcc/pic32mx/4.5.1/../../../../pic32mx/lib/libc.a(_mon_putc.o)

.data%z33       0x00000000        0x0
 .data          0x00000000        0x0 /Applications/microchip/mplabc32/v2.02/bin/../lib/gcc/pic32mx/4.5.1/../../../../pic32mx/lib/libc.a(_mon_putc.o)

.mdebug.abi32%z34
                0x00000000        0x0
 .mdebug.abi32  0x00000000        0x0 /Applications/microchip/mplabc32/v2.02/bin/../lib/gcc/pic32mx/4.5.1/../../../../pic32mx/lib/libc.a(_flsbuf_simple.o)

.bss%z35        0x00000000        0x0
 .bss           0x00000000        0x0 /Applications/microchip/mplabc32/v2.02/bin/../lib/gcc/pic32mx/4.5.1/../../../../pic32mx/lib/libc.a(_flsbuf_simple.o)

.data%z36       0x00000000        0x0
 .data          0x00000000        0x0 /Applications/microchip/mplabc32/v2.02/bin/../lib/gcc/pic32mx/4.5.1/../../../../pic32mx/lib/libc.a(_flsbuf_simple.o)

.mdebug.abi32%z37
                0x00000000        0x0
 .mdebug.abi32  0x00000000        0x0 /Applications/microchip/mplabc32/v2.02/bin/../lib/gcc/pic32mx/4.5.1/../../../../pic32mx/lib/libc.a(_iob.o)

.mdebug.abi32%z38
                0x00000000        0x0
 .mdebug.abi32  0x00000000        0x0 /Applications/microchip/mplabc32/v2.02/bin/../lib/gcc/pic32mx/4.5.1/../../../../pic32mx/lib/libc.a(write.o)

.bss%z39        0x00000000        0x0
 .bss           0x00000000        0x0 /Applications/microchip/mplabc32/v2.02/bin/../lib/gcc/pic32mx/4.5.1/../../../../pic32mx/lib/libc.a(write.o)

.data%z40       0x00000000        0x0
 .data          0x00000000        0x0 /Applications/microchip/mplabc32/v2.02/bin/../lib/gcc/pic32mx/4.5.1/../../../../pic32mx/lib/libc.a(write.o)

.mdebug.abi32%z41
                0x00000000        0x0
 .mdebug.abi32  0x00000000        0x0 /Applications/microchip/mplabc32/v2.02/bin/../lib/gcc/pic32mx/4.5.1/../../../../pic32mx/lib/libc.a(powers.o)

.bss%z42        0x00000000        0x0
 .bss           0x00000000        0x0 /Applications/microchip/mplabc32/v2.02/bin/../lib/gcc/pic32mx/4.5.1/../../../../pic32mx/lib/libc.a(powers.o)

.data%z43       0x00000000        0x0
 .data          0x00000000        0x0 /Applications/microchip/mplabc32/v2.02/bin/../lib/gcc/pic32mx/4.5.1/../../../../pic32mx/lib/libc.a(powers.o)

.mdebug.abi32%z44
                0x00000000        0x0
 .mdebug.abi32  0x00000000        0x0 /Applications/microchip/mplabc32/v2.02/bin/../lib/gcc/pic32mx/4.5.1/../../../../pic32mx/lib/libc.a(ctype.o)

.bss%z45        0x00000000        0x0
 .bss           0x00000000        0x0 /Applications/microchip/mplabc32/v2.02/bin/../lib/gcc/pic32mx/4.5.1/../../../../pic32mx/lib/libc.a(ctype.o)

.data%z46       0x00000000        0x0
 .data          0x00000000        0x0 /Applications/microchip/mplabc32/v2.02/bin/../lib/gcc/pic32mx/4.5.1/../../../../pic32mx/lib/libc.a(ctype.o)

.mdebug.abi32%z47
                0x00000000        0x0
 .mdebug.abi32  0x00000000        0x0 /Applications/microchip/mplabc32/v2.02/bin/../lib/gcc/pic32mx/4.5.1/../../../../pic32mx/lib/libc.a(_fputc_simple.o)

.bss%z48        0x00000000        0x0
 .bss           0x00000000        0x0 /Applications/microchip/mplabc32/v2.02/bin/../lib/gcc/pic32mx/4.5.1/../../../../pic32mx/lib/libc.a(_fputc_simple.o)

.data%z49       0x00000000        0x0
 .data          0x00000000        0x0 /Applications/microchip/mplabc32/v2.02/bin/../lib/gcc/pic32mx/4.5.1/../../../../pic32mx/lib/libc.a(_fputc_simple.o)

.mdebug.abi32%z50
                0x00000000        0x0
 .mdebug.abi32  0x00000000        0x0 /Applications/microchip/mplabc32/v2.02/bin/../lib/gcc/pic32mx/4.5.1/../../../../pic32mx/lib/libc.a(doprnt_fF.eo)

.bss%z51        0x00000000        0x0
 .bss           0x00000000        0x0 /Applications/microchip/mplabc32/v2.02/bin/../lib/gcc/pic32mx/4.5.1/../../../../pic32mx/lib/libc.a(doprnt_fF.eo)

.data%z52       0x00000000        0x0
 .data          0x00000000        0x0 /Applications/microchip/mplabc32/v2.02/bin/../lib/gcc/pic32mx/4.5.1/../../../../pic32mx/lib/libc.a(doprnt_fF.eo)

.bss%z53        0x00000000        0x0
 .bss           0x00000000        0x0 /Applications/microchip/mplabc32/v2.02/bin/../lib/gcc/pic32mx/4.5.1/../../../../pic32mx/lib/libc.a(default-nmi-handler.o)

.data%z54       0x00000000        0x0
 .data          0x00000000        0x0 /Applications/microchip/mplabc32/v2.02/bin/../lib/gcc/pic32mx/4.5.1/../../../../pic32mx/lib/libc.a(default-nmi-handler.o)

.mdebug.abi32%z55
                0x00000000        0x0
 .mdebug.abi32  0x00000000        0x0 /Applications/microchip/mplabc32/v2.02/bin/../lib/gcc/pic32mx/4.5.1/../../../../pic32mx/lib/libc.a(default-on-bootstrap.o)

.bss%z56        0x00000000        0x0
 .bss           0x00000000        0x0 /Applications/microchip/mplabc32/v2.02/bin/../lib/gcc/pic32mx/4.5.1/../../../../pic32mx/lib/libc.a(default-on-bootstrap.o)

.data%z57       0x00000000        0x0
 .data          0x00000000        0x0 /Applications/microchip/mplabc32/v2.02/bin/../lib/gcc/pic32mx/4.5.1/../../../../pic32mx/lib/libc.a(default-on-bootstrap.o)

.mdebug.abi32%z58
                0x00000000        0x0
 .mdebug.abi32  0x00000000        0x0 /Applications/microchip/mplabc32/v2.02/bin/../lib/gcc/pic32mx/4.5.1/../../../../pic32mx/lib/libc.a(default-on-reset.o)

.bss%z59        0x00000000        0x0
 .bss           0x00000000        0x0 /Applications/microchip/mplabc32/v2.02/bin/../lib/gcc/pic32mx/4.5.1/../../../../pic32mx/lib/libc.a(default-on-reset.o)

.data%z60       0x00000000        0x0
 .data          0x00000000        0x0 /Applications/microchip/mplabc32/v2.02/bin/../lib/gcc/pic32mx/4.5.1/../../../../pic32mx/lib/libc.a(default-on-reset.o)

.mdebug.abi32%z61
                0x00000000        0x0
 .mdebug.abi32  0x00000000        0x0 /Applications/microchip/mplabc32/v2.02/bin/../lib/gcc/pic32mx/4.5.1/../../../../pic32mx/lib/libc.a(default-bootstrap-exception-handler.o)

.bss%z62        0x00000000        0x0
 .bss           0x00000000        0x0 /Applications/microchip/mplabc32/v2.02/bin/../lib/gcc/pic32mx/4.5.1/../../../../pic32mx/lib/libc.a(default-bootstrap-exception-handler.o)

.data%z63       0x00000000        0x0
 .data          0x00000000        0x0 /Applications/microchip/mplabc32/v2.02/bin/../lib/gcc/pic32mx/4.5.1/../../../../pic32mx/lib/libc.a(default-bootstrap-exception-handler.o)

.mdebug.abi32%z64
                0x00000000        0x0
 .mdebug.abi32  0x00000000        0x0 /Applications/microchip/mplabc32/v2.02/bin/../lib/gcc/pic32mx/4.5.1/../../../../pic32mx/lib/libc.a(default-general-exception-handler.o)

.bss%z65        0x00000000        0x0
 .bss           0x00000000        0x0 /Applications/microchip/mplabc32/v2.02/bin/../lib/gcc/pic32mx/4.5.1/../../../../pic32mx/lib/libc.a(default-general-exception-handler.o)

.data%z66       0x00000000        0x0
 .data          0x00000000        0x0 /Applications/microchip/mplabc32/v2.02/bin/../lib/gcc/pic32mx/4.5.1/../../../../pic32mx/lib/libc.a(default-general-exception-handler.o)

.mdebug.abi32%z67
                0x00000000        0x0
 .mdebug.abi32  0x00000000        0x0 /Applications/microchip/mplabc32/v2.02/bin/../lib/gcc/pic32mx/4.5.1/../../../../pic32mx/lib/libc.a(sprintf_fF.eo)

.bss%z68        0x00000000        0x0
 .bss           0x00000000        0x0 /Applications/microchip/mplabc32/v2.02/bin/../lib/gcc/pic32mx/4.5.1/../../../../pic32mx/lib/libc.a(sprintf_fF.eo)

.data%z69       0x00000000        0x0
 .data          0x00000000        0x0 /Applications/microchip/mplabc32/v2.02/bin/../lib/gcc/pic32mx/4.5.1/../../../../pic32mx/lib/libc.a(sprintf_fF.eo)

.bss%z70        0x00000000        0x0
 .bss           0x00000000        0x0 /Applications/microchip/mplabc32/v2.02/bin/../lib/gcc/pic32mx/4.5.1/../../../../pic32mx/lib/libc.a(general-exception.o)

.data%z71       0x00000000        0x0
 .data          0x00000000        0x0 /Applications/microchip/mplabc32/v2.02/bin/../lib/gcc/pic32mx/4.5.1/../../../../pic32mx/lib/libc.a(general-exception.o)

.bss%z72        0x00000000        0x0
 .bss           0x00000000        0x0 /Applications/microchip/mplabc32/v2.02/bin/../lib/gcc/pic32mx/4.5.1/../../../../pic32mx/lib/libc.a(strlen.o)

.data%z73       0x00000000        0x0
 .data          0x00000000        0x0 /Applications/microchip/mplabc32/v2.02/bin/../lib/gcc/pic32mx/4.5.1/../../../../pic32mx/lib/libc.a(strlen.o)

.mdebug.abi32%z74
                0x00000000        0x0
 .mdebug.abi32  0x00000000        0x0 /Applications/microchip/mplabc32/v2.02/bin/../lib/gcc/pic32mx/4.5.1/libgcc.a(floatunsisf.o)

.bss%z75        0x00000000        0x0
 .bss           0x00000000        0x0 /Applications/microchip/mplabc32/v2.02/bin/../lib/gcc/pic32mx/4.5.1/libgcc.a(floatunsisf.o)

.data%z76       0x00000000        0x0
 .data          0x00000000        0x0 /Applications/microchip/mplabc32/v2.02/bin/../lib/gcc/pic32mx/4.5.1/libgcc.a(floatunsisf.o)

.mdebug.abi32%z77
                0x00000000        0x0
 .mdebug.abi32  0x00000000        0x0 build/default/production/_ext/1431111269/ClpLib.o

.bss%z78        0x00000000        0x0
 .bss           0x00000000        0x0 build/default/production/_ext/1431111269/ClpLib.o

.data%z79       0x00000000        0x0
 .data          0x00000000        0x0 build/default/production/_ext/1431111269/ClpLib.o

.mdebug.abi32%z80
                0x00000000        0x0
 .mdebug.abi32  0x00000000        0x0 build/default/production/_ext/1431111269/HB_MotorLib.o

.data%z81       0x00000000        0x0
 .data          0x00000000        0x0 build/default/production/_ext/1431111269/HB_MotorLib.o

.mdebug.abi32%z82
                0x00000000        0x0
 .mdebug.abi32  0x00000000        0x0 build/default/production/_ext/1431111269/util.o

.bss%z83        0x00000000        0x0
 .bss           0x00000000        0x0 build/default/production/_ext/1431111269/util.o

.data%z84       0x00000000        0x0
 .data          0x00000000        0x0 build/default/production/_ext/1431111269/util.o

.mdebug.abi32%z85
                0x00000000        0x0
 .mdebug.abi32  0x00000000        0x0 build/default/production/_ext/1431111269/main.o

.bss%z86        0x00000000        0x0
 .bss           0x00000000        0x0 build/default/production/_ext/1431111269/main.o

.data%z87       0x00000000        0x0
 .data          0x00000000        0x0 build/default/production/_ext/1431111269/main.o

.bss%z88        0x00000000        0x0
 .bss           0x00000000        0x0 /Applications/microchip/mplabc32/v2.02/bin/../lib/gcc/pic32mx/4.5.1/../../../../pic32mx/lib/crt0.o

.data%z89       0x00000000        0x0
 .data          0x00000000        0x0 /Applications/microchip/mplabc32/v2.02/bin/../lib/gcc/pic32mx/4.5.1/../../../../pic32mx/lib/crt0.o

.text._vfprintf_fF
                0x9d000008     0x1088
 .text._vfprintf_fF
                0x9d000008     0x1088 /Applications/microchip/mplabc32/v2.02/bin/../lib/gcc/pic32mx/4.5.1/../../../../pic32mx/lib/libc.a(doprnt_fF.eo)
                0x9d000008                _vfprintf_fF

.text           0x9d001090     0x2dc8
 .text          0x9d001090      0xbcc build/default/production/_ext/1431111269/main.o
                0x9d001090                Timer5Handler
                0x9d0015dc                main
                0x9d001a58                DeviceInit
                0x9d001aa8                AppInit
                0x9d001bb0                Display
 .text          0x9d001c5c      0x8ec /Applications/microchip/mplabc32/v2.02/bin/../lib/gcc/pic32mx/4.5.1/../../../../pic32mx/lib/libm.a(fp32.o)
                0x9d001c5c                __subsf3
                0x9d001c5c                fpsub
                0x9d001c64                __addsf3
                0x9d001c64                fpadd
                0x9d001ed0                __mulsf3
                0x9d001ed0                fpmul
                0x9d002088                fpdiv
                0x9d002088                __divsf3
                0x9d0022b4                litofp
                0x9d0022b4                __floatsisf
                0x9d0022b4                sitofp
                0x9d002310                ultofp
                0x9d002310                uitofp
                0x9d00235c                __fixsfsi
                0x9d00235c                fptosi
                0x9d00235c                fptoli
                0x9d0023d4                fptoui
                0x9d0023d4                fptoul
                0x9d0023d4                __fixunssfsi
                0x9d002448                __nesf2
                0x9d002448                __eqsf2
                0x9d002448                __ltsf2
                0x9d002448                __gtsf2
                0x9d002448                fpcmp
                0x9d002448                __gesf2
                0x9d002448                __lesf2
                0x9d0024dc                fpfabs
                0x9d0024dc                fabsf
                0x9d0024ec                __negsf2
                0x9d0024fc                fpnan
                0x9d0024fc                nanf
 .text          0x9d002548      0x6e8 build/default/production/_ext/1431111269/ClpLib.o
                0x9d002548                ClpPinsConfigure
                0x9d002598                ClpSetBackLight
                0x9d0025e8                ClpReadByte
                0x9d002654                ClpWriteByte
                0x9d0026d8                ClpReadStatus
                0x9d00271c                ClpWaitUntilNotBusy
                0x9d00277c                ClpWriteCommand
                0x9d0027d0                ClpWriteDataByte
                0x9d002824                ClpDisplaySet
                0x9d00286c                ClpDisplayClear
                0x9d0028a0                ClpReturnHome
                0x9d0028d4                ClpInit
                0x9d002958                ClpSetWriteDdramPosition
                0x9d0029a8                ClpWriteStringAtPos
                0x9d002a98                ClpSetWriteCgramPosition
                0x9d002ae4                ClpWriteBytesAtPosCgram
                0x9d002b78                ClpDisplayShift
                0x9d002bd4                ClpCursorShift
 .text          0x9d002c30      0x598 build/default/production/_ext/1431111269/HB_MotorLib.o
                0x9d002c30                InputCapture1Interrupt
                0x9d002ca8                HB_MotorConfigure1
                0x9d002dec                HB_MotorCommand1
                0x9d002efc                HB_MotorReaction1
 .text          0x9d0031c8      0x46c /Applications/microchip/mplabc32/v2.02/bin/../lib/gcc/pic32mx/4.5.1/libgcc.a(_umoddi3.o)
                0x9d0031c8                __umoddi3
 .text          0x9d003634      0x448 /Applications/microchip/mplabc32/v2.02/bin/../lib/gcc/pic32mx/4.5.1/libgcc.a(_udivdi3.o)
                0x9d003634                __udivdi3
 .text          0x9d003a7c      0x3dc /Applications/microchip/mplabc32/v2.02/bin/../lib/gcc/pic32mx/4.5.1/../../../../pic32mx/lib/libm.a(fpmod32.o)
                0x9d003a7c                fmodf
                0x9d003a7c                fpfmod
                0x9d003bc0                frexpf
                0x9d003bc0                fpfrexp
                0x9d003c44                __mchp_ldexpf
                0x9d003c44                fpldexp
                0x9d003d88                modff
                0x9d003d88                fpmodf

.text.scale     0x9d003e58      0x260
 .text.scale    0x9d003e58      0x260 /Applications/microchip/mplabc32/v2.02/bin/../lib/gcc/pic32mx/4.5.1/../../../../pic32mx/lib/libc.a(doprnt_fF.eo)

.text           0x9d0040b8      0x214
 .text          0x9d0040b8      0x214 build/default/production/_ext/1431111269/util.o
                0x9d0040b8                DelayMs
                0x9d004110                DelayUs
                0x9d004160                InitLeds
                0x9d0041e0                SetLeds

.text.__floatdisf
                0x9d0042cc      0x214
 .text.__floatdisf
                0x9d0042cc      0x214 /Applications/microchip/mplabc32/v2.02/bin/../lib/gcc/pic32mx/4.5.1/../../../../pic32mx/lib/libe.a(_floatdisf.o)
                0x9d0042cc                __floatdisf

.dinit          0x9d0044e0      0x190
 .dinit         0x9d0044e0      0x190 data_init

.text           0x9d004670      0x168
 .text          0x9d004670      0x168 /Applications/microchip/mplabc32/v2.02/bin/../lib/gcc/pic32mx/4.5.1/../../../../pic32mx/lib/libc.a(strlen.o)
                0x9d004670                strlen

.text.fputc     0x9d0047d8      0x140
 .text.fputc    0x9d0047d8      0x140 /Applications/microchip/mplabc32/v2.02/bin/../lib/gcc/pic32mx/4.5.1/../../../../pic32mx/lib/libc.a(_fputc_simple.o)
                0x9d0047d8                fputc

.text._flsbuf   0x9d004918      0x12c
 .text._flsbuf  0x9d004918      0x12c /Applications/microchip/mplabc32/v2.02/bin/../lib/gcc/pic32mx/4.5.1/../../../../pic32mx/lib/libc.a(_flsbuf_simple.o)
                0x9d004918                _flsbuf

.rodata         0x9d004a44      0x104
 .rodata        0x9d004a44      0x104 /Applications/microchip/mplabc32/v2.02/bin/../lib/gcc/pic32mx/4.5.1/../../../../pic32mx/lib/libc.a(ctype.o)
                0x9d004a44                _ctype

.text           0x9d004b48       0xd4
 .text          0x9d004b48       0xd4 /Applications/microchip/mplabc32/v2.02/bin/../lib/gcc/pic32mx/4.5.1/libgcc.a(_floatundisf.o)
                0x9d004b48                __floatundisf

.text.general_exception
                0x9d004c1c       0xd0
 .text.general_exception
                0x9d004c1c       0xd0 /Applications/microchip/mplabc32/v2.02/bin/../lib/gcc/pic32mx/4.5.1/../../../../pic32mx/lib/libc.a(general-exception.o)
                0x9d004c1c                _general_exception_context

.rodata         0x9d004cf0       0xd0
 .rodata        0x9d004cf0       0xd0 /Applications/microchip/mplabc32/v2.02/bin/../lib/gcc/pic32mx/4.5.1/../../../../pic32mx/lib/libc.a(doprnt_fF.eo)

.text._mon_putc
                0x9d004dc0       0xb4
 .text._mon_putc
                0x9d004dc0       0xb4 /Applications/microchip/mplabc32/v2.02/bin/../lib/gcc/pic32mx/4.5.1/../../../../pic32mx/lib/libc.a(_mon_putc.o)
                0x9d004dc0                _mon_putc

.text.write     0x9d004e74       0x88
 .text.write    0x9d004e74       0x88 /Applications/microchip/mplabc32/v2.02/bin/../lib/gcc/pic32mx/4.5.1/../../../../pic32mx/lib/libc.a(write.o)
                0x9d004e74                write

.text._sprintf_fF
                0x9d004efc       0x68
 .text._sprintf_fF
                0x9d004efc       0x68 /Applications/microchip/mplabc32/v2.02/bin/../lib/gcc/pic32mx/4.5.1/../../../../pic32mx/lib/libc.a(sprintf_fF.eo)
                0x9d004efc                _sprintf_fF

.rodata         0x9d004f64       0x68
 .rodata        0x9d004f64       0x68 /Applications/microchip/mplabc32/v2.02/bin/../lib/gcc/pic32mx/4.5.1/../../../../pic32mx/lib/libc.a(powers.o)
                0x9d004f64                _powers_f
                0x9d004f98                _npowers_f

.text           0x9d004fcc       0x4c
 .text          0x9d004fcc       0x4c /Applications/microchip/mplabc32/v2.02/bin/../lib/gcc/pic32mx/4.5.1/libgcc.a(floatunsisf.o)
                0x9d004fcc                __floatunsisf

.text.INTEnableSystemMultiVectoredInt
                0x9d005018       0x34
 .text.INTEnableSystemMultiVectoredInt
                0x9d005018       0x34 /Applications/microchip/mplabc32/v2.02/bin/../lib/gcc/pic32mx/4.5.1/../../../../pic32mx/lib/libmchp_peripheral_32MX460F512L.a(int_enable_mv_int_lib.o)
                0x9d005018                INTEnableSystemMultiVectoredInt

.rodata         0x9d00504c       0x40
 .rodata        0x9d00504c       0x28 build/default/production/_ext/1431111269/main.o
 .rodata        0x9d005074       0x18 build/default/production/_ext/1431111269/HB_MotorLib.o

.text           0x9d00508c       0x28
 .text          0x9d00508c       0x18 /Applications/microchip/mplabc32/v2.02/bin/../lib/gcc/pic32mx/4.5.1/../../../../pic32mx/lib/libc.a(default-nmi-handler.o)
                0x9d00508c                _nmi_handler
 .text          0x9d0050a4       0x10 /Applications/microchip/mplabc32/v2.02/bin/../lib/gcc/pic32mx/4.5.1/../../../../pic32mx/lib/crt0.o
                0x9d0050ac                __crt0_exit

.text._general_exception_handler
                0x9d0050b4        0xc
 .text._general_exception_handler
                0x9d0050b4        0xc /Applications/microchip/mplabc32/v2.02/bin/../lib/gcc/pic32mx/4.5.1/../../../../pic32mx/lib/libc.a(default-general-exception-handler.o)
                0x9d0050b4                _general_exception_handler

.text._bootstrap_exception_handler
                0x9d0050c0        0xc
 .text._bootstrap_exception_handler
                0x9d0050c0        0xc /Applications/microchip/mplabc32/v2.02/bin/../lib/gcc/pic32mx/4.5.1/../../../../pic32mx/lib/libc.a(default-bootstrap-exception-handler.o)
                0x9d0050c0                _bootstrap_exception_handler

.text._on_reset
                0x9d0050cc        0x8
 .text._on_reset
                0x9d0050cc        0x8 /Applications/microchip/mplabc32/v2.02/bin/../lib/gcc/pic32mx/4.5.1/../../../../pic32mx/lib/libc.a(default-on-reset.o)
                0x9d0050cc                _on_reset

.text._on_bootstrap
                0x9d0050d4        0x8
 .text._on_bootstrap
                0x9d0050d4        0x8 /Applications/microchip/mplabc32/v2.02/bin/../lib/gcc/pic32mx/4.5.1/../../../../pic32mx/lib/libc.a(default-on-bootstrap.o)
                0x9d0050d4                _on_bootstrap

.rodata         0x9d0050e0        0x8
 .rodata        0x9d0050e0        0x8 /Applications/microchip/mplabc32/v2.02/bin/../lib/gcc/pic32mx/4.5.1/../../../../pic32mx/lib/libe.a(_floatdisf.o)

.text.INTEnableInterrupts
                0x9d0050e8        0x8
 .text.INTEnableInterrupts
                0x9d0050e8        0x8 /Applications/microchip/mplabc32/v2.02/bin/../lib/gcc/pic32mx/4.5.1/../../../../pic32mx/lib/libmchp_peripheral_32MX460F512L.a(int_enable_interrupts_lib.o)
                0x9d0050e8                INTEnableInterrupts

.text.INTDisableInterrupts
                0x9d0050f0        0x8
 .text.INTDisableInterrupts
                0x9d0050f0        0x8 /Applications/microchip/mplabc32/v2.02/bin/../lib/gcc/pic32mx/4.5.1/../../../../pic32mx/lib/libmchp_peripheral_32MX460F512L.a(int_disable_interrupts_lib.o)
                0x9d0050f0                INTDisableInterrupts

.rodata         0x9d0050f8        0x8
 .rodata        0x9d0050f8        0x8 /Applications/microchip/mplabc32/v2.02/bin/../lib/gcc/pic32mx/4.5.1/libgcc.a(_floatundisf.o)

.text%z90       0x00000000        0x0
 .text          0x00000000        0x0 /Applications/microchip/mplabc32/v2.02/bin/../lib/gcc/pic32mx/4.5.1/../../../../pic32mx/lib/./proc/32MX460F512L/processor.o

.text%z91       0x00000000        0x0
 .text          0x00000000        0x0 /Applications/microchip/mplabc32/v2.02/bin/../lib/gcc/pic32mx/4.5.1/../../../../pic32mx/lib/libmchp_peripheral_32MX460F512L.a(int_enable_mv_int_lib.o)

.text%z92       0x00000000        0x0
 .text          0x00000000        0x0 /Applications/microchip/mplabc32/v2.02/bin/../lib/gcc/pic32mx/4.5.1/../../../../pic32mx/lib/libmchp_peripheral_32MX460F512L.a(int_disable_interrupts_lib.o)

.text%z93       0x00000000        0x0
 .text          0x00000000        0x0 /Applications/microchip/mplabc32/v2.02/bin/../lib/gcc/pic32mx/4.5.1/../../../../pic32mx/lib/libmchp_peripheral_32MX460F512L.a(int_enable_interrupts_lib.o)

.text%z94       0x00000000        0x0
 .text          0x00000000        0x0 /Applications/microchip/mplabc32/v2.02/bin/../lib/gcc/pic32mx/4.5.1/../../../../pic32mx/lib/libe.a(_floatdisf.o)

.text%z95       0x00000000        0x0
 .text          0x00000000        0x0 /Applications/microchip/mplabc32/v2.02/bin/../lib/gcc/pic32mx/4.5.1/../../../../pic32mx/lib/libc.a(c32_uart.o)

.text%z96       0x00000000        0x0
 .text          0x00000000        0x0 /Applications/microchip/mplabc32/v2.02/bin/../lib/gcc/pic32mx/4.5.1/../../../../pic32mx/lib/libc.a(_mon_putc.o)

.text%z97       0x00000000        0x0
 .text          0x00000000        0x0 /Applications/microchip/mplabc32/v2.02/bin/../lib/gcc/pic32mx/4.5.1/../../../../pic32mx/lib/libc.a(_flsbuf_simple.o)

.text%z98       0x00000000        0x0
 .text          0x00000000        0x0 /Applications/microchip/mplabc32/v2.02/bin/../lib/gcc/pic32mx/4.5.1/../../../../pic32mx/lib/libc.a(_iob.o)

.text%z99       0x00000000        0x0
 .text          0x00000000        0x0 /Applications/microchip/mplabc32/v2.02/bin/../lib/gcc/pic32mx/4.5.1/../../../../pic32mx/lib/libc.a(write.o)

.text%z100      0x00000000        0x0
 .text          0x00000000        0x0 /Applications/microchip/mplabc32/v2.02/bin/../lib/gcc/pic32mx/4.5.1/../../../../pic32mx/lib/libc.a(powers.o)

.text%z101      0x00000000        0x0
 .text          0x00000000        0x0 /Applications/microchip/mplabc32/v2.02/bin/../lib/gcc/pic32mx/4.5.1/../../../../pic32mx/lib/libc.a(ctype.o)

.text%z102      0x00000000        0x0
 .text          0x00000000        0x0 /Applications/microchip/mplabc32/v2.02/bin/../lib/gcc/pic32mx/4.5.1/../../../../pic32mx/lib/libc.a(_fputc_simple.o)

.text%z103      0x00000000        0x0
 .text          0x00000000        0x0 /Applications/microchip/mplabc32/v2.02/bin/../lib/gcc/pic32mx/4.5.1/../../../../pic32mx/lib/libc.a(doprnt_fF.eo)

.text%z104      0x00000000        0x0
 .text          0x00000000        0x0 /Applications/microchip/mplabc32/v2.02/bin/../lib/gcc/pic32mx/4.5.1/../../../../pic32mx/lib/libc.a(default-on-bootstrap.o)

.text%z105      0x00000000        0x0